Archive member included to satisfy reference by file (symbol)

D:/msys64/mingw64/bin/../lib/gcc/arm-none-eabi/13.3.0/../../../../arm-none-eabi/lib/thumb/v8-m.main+fp/softfp\libm.a(libm_a-wf_sqrt.o)
                              CMakeFiles/rpfm_ym2413_test.dir/pico-sdk-2.2.0/src/rp2_common/pico_float/float_math.c.o (sqrtf)
D:/msys64/mingw64/bin/../lib/gcc/arm-none-eabi/13.3.0/../../../../arm-none-eabi/lib/thumb/v8-m.main+fp/softfp\libm.a(libm_a-ef_sqrt.o)
                              D:/msys64/mingw64/bin/../lib/gcc/arm-none-eabi/13.3.0/../../../../arm-none-eabi/lib/thumb/v8-m.main+fp/softfp\libm.a(libm_a-wf_sqrt.o) (__ieee754_sqrtf)
D:/msys64/mingw64/bin/../lib/gcc/arm-none-eabi/13.3.0/thumb/v8-m.main+fp/softfp\libgcc.a(_arm_addsubdf3.o)
                              CMakeFiles/rpfm_ym2413_test.dir/pico-sdk-2.2.0/src/rp2_common/pico_float/float_math.c.o (__aeabi_f2d)
D:/msys64/mingw64/bin/../lib/gcc/arm-none-eabi/13.3.0/thumb/v8-m.main+fp/softfp\libgcc.a(_aeabi_ldivmod.o)
                              CMakeFiles/rpfm_ym2413_test.dir/pico-sdk-2.2.0/src/common/pico_time/time.c.o (__aeabi_ldivmod)
D:/msys64/mingw64/bin/../lib/gcc/arm-none-eabi/13.3.0/thumb/v8-m.main+fp/softfp\libgcc.a(_aeabi_uldivmod.o)
                              CMakeFiles/rpfm_ym2413_test.dir/pico-sdk-2.2.0/src/rp2_common/hardware_clocks/clocks.c.o (__aeabi_uldivmod)
D:/msys64/mingw64/bin/../lib/gcc/arm-none-eabi/13.3.0/thumb/v8-m.main+fp/softfp\libgcc.a(_udivmoddi4.o)
                              D:/msys64/mingw64/bin/../lib/gcc/arm-none-eabi/13.3.0/thumb/v8-m.main+fp/softfp\libgcc.a(_aeabi_ldivmod.o) (__udivmoddi4)
D:/msys64/mingw64/bin/../lib/gcc/arm-none-eabi/13.3.0/thumb/v8-m.main+fp/softfp\libgcc.a(_dvmd_tls.o)
                              D:/msys64/mingw64/bin/../lib/gcc/arm-none-eabi/13.3.0/thumb/v8-m.main+fp/softfp\libgcc.a(_aeabi_ldivmod.o) (__aeabi_ldiv0)
D:/msys64/mingw64/bin/../lib/gcc/arm-none-eabi/13.3.0/../../../../arm-none-eabi/lib/thumb/v8-m.main+fp/softfp\libg.a(libc_a-atexit.o)
                              D:/msys64/mingw64/bin/../lib/gcc/arm-none-eabi/13.3.0/../../../../arm-none-eabi/lib/thumb/v8-m.main+fp/softfp/crt0.o (atexit)
D:/msys64/mingw64/bin/../lib/gcc/arm-none-eabi/13.3.0/../../../../arm-none-eabi/lib/thumb/v8-m.main+fp/softfp\libg.a(libc_a-calloc.o)
                              CMakeFiles/rpfm_ym2413_test.dir/pico-sdk-2.2.0/src/rp2_common/pico_malloc/malloc.c.o (calloc)
D:/msys64/mingw64/bin/../lib/gcc/arm-none-eabi/13.3.0/../../../../arm-none-eabi/lib/thumb/v8-m.main+fp/softfp\libg.a(libc_a-callocr.o)
                              D:/msys64/mingw64/bin/../lib/gcc/arm-none-eabi/13.3.0/../../../../arm-none-eabi/lib/thumb/v8-m.main+fp/softfp\libg.a(libc_a-calloc.o) (_calloc_r)
D:/msys64/mingw64/bin/../lib/gcc/arm-none-eabi/13.3.0/../../../../arm-none-eabi/lib/thumb/v8-m.main+fp/softfp\libg.a(libc_a-malloc.o)
                              CMakeFiles/rpfm_ym2413_test.dir/pico-sdk-2.2.0/src/rp2_common/pico_malloc/malloc.c.o (malloc)
D:/msys64/mingw64/bin/../lib/gcc/arm-none-eabi/13.3.0/../../../../arm-none-eabi/lib/thumb/v8-m.main+fp/softfp\libg.a(libc_a-mallocr.o)
                              D:/msys64/mingw64/bin/../lib/gcc/arm-none-eabi/13.3.0/../../../../arm-none-eabi/lib/thumb/v8-m.main+fp/softfp\libg.a(libc_a-callocr.o) (_malloc_r)
D:/msys64/mingw64/bin/../lib/gcc/arm-none-eabi/13.3.0/../../../../arm-none-eabi/lib/thumb/v8-m.main+fp/softfp\libg.a(libc_a-mlock.o)
                              D:/msys64/mingw64/bin/../lib/gcc/arm-none-eabi/13.3.0/../../../../arm-none-eabi/lib/thumb/v8-m.main+fp/softfp\libg.a(libc_a-mallocr.o) (__malloc_lock)
D:/msys64/mingw64/bin/../lib/gcc/arm-none-eabi/13.3.0/../../../../arm-none-eabi/lib/thumb/v8-m.main+fp/softfp\libg.a(libc_a-realloc.o)
                              CMakeFiles/rpfm_ym2413_test.dir/pico-sdk-2.2.0/src/rp2_common/pico_malloc/malloc.c.o (realloc)
D:/msys64/mingw64/bin/../lib/gcc/arm-none-eabi/13.3.0/../../../../arm-none-eabi/lib/thumb/v8-m.main+fp/softfp\libg.a(libc_a-reallocr.o)
                              D:/msys64/mingw64/bin/../lib/gcc/arm-none-eabi/13.3.0/../../../../arm-none-eabi/lib/thumb/v8-m.main+fp/softfp\libg.a(libc_a-realloc.o) (_realloc_r)
D:/msys64/mingw64/bin/../lib/gcc/arm-none-eabi/13.3.0/../../../../arm-none-eabi/lib/thumb/v8-m.main+fp/softfp\libg.a(libc_a-memcmp.o)
                              CMakeFiles/rpfm_ym2413_test.dir/pico-sdk-2.2.0/src/rp2_common/pico_atomic/atomic.c.o (memcmp)
D:/msys64/mingw64/bin/../lib/gcc/arm-none-eabi/13.3.0/../../../../arm-none-eabi/lib/thumb/v8-m.main+fp/softfp\libg.a(libc_a-memmove.o)
                              D:/msys64/mingw64/bin/../lib/gcc/arm-none-eabi/13.3.0/../../../../arm-none-eabi/lib/thumb/v8-m.main+fp/softfp\libg.a(libc_a-reallocr.o) (memmove)
D:/msys64/mingw64/bin/../lib/gcc/arm-none-eabi/13.3.0/../../../../arm-none-eabi/lib/thumb/v8-m.main+fp/softfp\libg.a(libc_a-memset.o)
[...]
Memory Configuration

Name             Origin             Length             Attributes
FLASH            0x10000000         0x00400000         xr
RAM              0x20000000         0x00080000         xrw
SCRATCH_X        0x20080000         0x00001000         xrw
SCRATCH_Y        0x20081000         0x00001000         xrw
*default*        0x00000000         0xffffffff

Linker script and memory map

LOAD D:/msys64/mingw64/bin/../lib/gcc/arm-none-eabi/13.3.0/thumb/v8-m.main+fp/softfp/crti.o
LOAD D:/msys64/mingw64/bin/../lib/gcc/arm-none-eabi/13.3.0/thumb/v8-m.main+fp/softfp/crtbegin.o
LOAD D:/msys64/mingw64/bin/../lib/gcc/arm-none-eabi/13.3.0/../../../../arm-none-eabi/lib/thumb/v8-m.main+fp/softfp/crt0.o

.flash_begin    0x10000000        0x0
                0x10000000                        __flash_binary_start = .

.text           0x10000000     0x5d68
                0x10000000                        __logical_binary_start = .
 *(.vectors)
 .vectors       0x10000000      0x124 CMakeFiles/rpfm_ym2413_test.dir/pico-sdk-2.2.0/src/rp2_common/pico_crt0/crt0.S.o
                0x10000000                __VECTOR_TABLE
                0x10000000                __vectors
                0x10000110                __unhandled_user_irq
                0x10000110                isr_irq49
                0x10000110                isr_irq13
                0x10000110                isr_irq43
                0x10000110                isr_irq45
                0x10000110                isr_irq27
                0x10000110                isr_irq32
                0x10000110                isr_irq31
                0x10000110                isr_irq12
                0x10000110                isr_irq5
                0x10000110                isr_irq11
                0x10000110                isr_irq3
                0x10000110                isr_irq23
                0x10000110                isr_usagefault
                0x10000110                isr_irq48
                0x10000110                isr_irq30
                0x10000110                isr_irq18
                0x10000110                isr_irq50
                0x10000110                isr_irq33
                0x10000110                isr_irq40
                0x10000110                isr_irq28
                0x10000110                isr_irq19
                0x10000110                isr_irq36
                0x10000110                isr_irq41
                0x10000110                isr_irq0
                0x10000110                isr_irq6
                0x10000110                isr_irq26
                0x10000110                isr_irq29
                0x10000110                isr_memmanage
                0x10000110                isr_irq37
                0x10000110                isr_irq42
                0x10000110                isr_irq22
                0x10000110                isr_irq35
                0x10000110                isr_irq17
                0x10000110                isr_irq38
                0x10000110                isr_irq14
                0x10000110                __vectors_end
                0x10000110                __default_isrs_start
                0x10000110                isr_irq2
                0x10000110                isr_irq10
                0x10000110                isr_irq8
                0x10000110                isr_debugmonitor
                0x10000110                isr_irq24
                0x10000110                isr_irq46
                0x10000110                isr_irq1
                0x10000110                isr_irq47
                0x10000110                isr_irq51
                0x10000110                isr_irq7
                0x10000110                isr_irq21
                0x10000110                isr_irq39
                0x10000110                isr_irq20
                0x10000110                isr_irq15
                0x10000110                isr_irq25
                0x10000110                isr_irq34
                0x10000110                isr_irq44
                0x10000110                isr_securefault
                0x10000110                isr_irq4
                0x10000110                isr_busfault
                0x10000110                isr_irq16
                0x10000110                isr_irq9
                0x10000116                unhandled_user_irq_num_in_r0
                0x10000118                isr_invalid
                0x1000011a                isr_nmi
                0x1000011c                isr_hardfault
                0x1000011e                isr_svcall
                0x10000120                isr_pendsv
                0x10000122                isr_systick
                0x10000124                __default_isrs_end
 *(.binary_info_header)
 .binary_info_header
                0x10000124       0x14 CMakeFiles/rpfm_ym2413_test.dir/pico-sdk-2.2.0/src/rp2_common/pico_crt0/crt0.S.o
                0x10000138                        __binary_info_header_end = .
 *(.embedded_block)
 .embedded_block
                0x10000138       0x14 CMakeFiles/rpfm_ym2413_test.dir/pico-sdk-2.2.0/src/rp2_common/pico_crt0/crt0.S.o
                0x1000014c                        __embedded_block_end = .
 *(.reset)
 .reset         0x1000014c       0x98 CMakeFiles/rpfm_ym2413_test.dir/pico-sdk-2.2.0/src/rp2_common/pico_crt0/crt0.S.o
                0x1000014c                _entry_point
 *(.init)
 .init          0x100001e4        0x4 D:/msys64/mingw64/bin/../lib/gcc/arm-none-eabi/13.3.0/thumb/v8-m.main+fp/softfp/crti.o
                0x100001e4                _init
 *libgcc.a:cmse_nonsecure_call.o()
 *(EXCLUDE_FILE(*libm.a: *libc.a:*lib_a-mem*.o *libgcc.a:) .text*)
 .text.frame_dummy
                0x100001e8       0x1c D:/msys64/mingw64/bin/../lib/gcc/arm-none-eabi/13.3.0/thumb/v8-m.main+fp/softfp/crtbegin.o
 *fill*         0x10000204        0x4 
 .text.play_melody
                0x10000208      0x630 CMakeFiles/rpfm_ym2413_test.dir/main.c.o
 .text.ym2413_note_on.constprop.0
                0x10000838      0x564 CMakeFiles/rpfm_ym2413_test.dir/main.c.o
 .text.startup.main
                0x10000d9c      0x72c CMakeFiles/rpfm_ym2413_test.dir/main.c.o
                0x10000d9c                main
 .text.gpio_set_function
                0x100014c8       0x3c CMakeFiles/rpfm_ym2413_test.dir/pico-sdk-2.2.0/src/rp2_common/hardware_gpio/gpio.c.o
                0x100014c8                gpio_set_function
 .text.gpio_init
                0x10001504       0x48 CMakeFiles/rpfm_ym2413_test.dir/pico-sdk-2.2.0/src/rp2_common/hardware_gpio/gpio.c.o
                0x10001504                gpio_init
 .text.panic    0x1000154c       0x30 CMakeFiles/rpfm_ym2413_test.dir/pico-sdk-2.2.0/src/rp2_common/pico_platform_panic/panic.c.o
                0x1000154c                panic
 .text.hw_claim_lock
                0x1000157c       0x24 CMakeFiles/rpfm_ym2413_test.dir/pico-sdk-2.2.0/src/common/hardware_claim/claim.c.o
                0x1000157c                hw_claim_lock
 .text.hw_claim_unlock
                0x100015a0       0x14 CMakeFiles/rpfm_ym2413_test.dir/pico-sdk-2.2.0/src/common/hardware_claim/claim.c.o
                0x100015a0                hw_claim_unlock
 .text.hw_claim_or_assert
                0x100015b4       0x58 CMakeFiles/rpfm_ym2413_test.dir/pico-sdk-2.2.0/src/common/hardware_claim/claim.c.o
                0x100015b4                hw_claim_or_assert
 .text.hw_claim_unused_from_range
                0x1000160c       0x9c CMakeFiles/rpfm_ym2413_test.dir/pico-sdk-2.2.0/src/common/hardware_claim/claim.c.o
                0x1000160c                hw_claim_unused_from_range
 .text.next_striped_spin_lock_num
                0x100016a8       0x18 CMakeFiles/rpfm_ym2413_test.dir/pico-sdk-2.2.0/src/rp2_common/hardware_sync/sync.c.o
                0x100016a8                next_striped_spin_lock_num
 .text.spinlock_set_extexclall
                0x100016c0       0x10 CMakeFiles/rpfm_ym2413_test.dir/pico-sdk-2.2.0/src/rp2_common/hardware_sync_spin_lock/sync_spin_lock.c.o
 .text.spin_locks_reset
                0x100016d0       0x18 CMakeFiles/rpfm_ym2413_test.dir/pico-sdk-2.2.0/src/rp2_common/hardware_sync_spin_lock/sync_spin_lock.c.o
                0x100016d0                spin_locks_reset
 .text.runtime_init_per_core_irq_priorities
                0x100016e8       0x40 CMakeFiles/rpfm_ym2413_test.dir/pico-sdk-2.2.0/src/rp2_common/hardware_irq/irq.c.o
                0x100016e8                runtime_init_per_core_irq_priorities
 .text.irq_set_enabled
                0x10001728       0x2c CMakeFiles/rpfm_ym2413_test.dir/pico-sdk-2.2.0/src/rp2_common/hardware_irq/irq.c.o
                0x10001728                irq_set_enabled
 .text.irq_set_exclusive_handler
                0x10001754       0x60 CMakeFiles/rpfm_ym2413_test.dir/pico-sdk-2.2.0/src/rp2_common/hardware_irq/irq.c.o
                0x10001754                irq_set_exclusive_handler
 .text.irq_remove_handler
                0x100017b4      0x1fc CMakeFiles/rpfm_ym2413_test.dir/pico-sdk-2.2.0/src/rp2_common/hardware_irq/irq.c.o
                0x100017b4                irq_remove_handler
 .text.irq_add_tail_to_free_list
                0x100019b0       0xbc CMakeFiles/rpfm_ym2413_test.dir/pico-sdk-2.2.0/src/rp2_common/hardware_irq/irq.c.o
                0x100019b0                irq_add_tail_to_free_list
 .text.lock_init
                0x10001a6c        0xc CMakeFiles/rpfm_ym2413_test.dir/pico-sdk-2.2.0/src/common/pico_sync/lock_core.c.o
                0x10001a6c                lock_init
 .text.runtime_init_mutex
                0x10001a78       0x4c CMakeFiles/rpfm_ym2413_test.dir/pico-sdk-2.2.0/src/common/pico_sync/mutex.c.o
                0x10001a78                runtime_init_mutex
 .text.sleep_until_callback
                0x10001ac4       0x3c CMakeFiles/rpfm_ym2413_test.dir/pico-sdk-2.2.0/src/common/pico_time/time.c.o
 .text.alarm_pool_irq_handler
                0x10001b00      0x2f0 CMakeFiles/rpfm_ym2413_test.dir/pico-sdk-2.2.0/src/common/pico_time/time.c.o
 .text.runtime_init_default_alarm_pool
                0x10001df0      0x100 CMakeFiles/rpfm_ym2413_test.dir/pico-sdk-2.2.0/src/common/pico_time/time.c.o
                0x10001df0                runtime_init_default_alarm_pool
 .text.alarm_pool_add_alarm_at_force_in_context
                0x10001ef0       0xc8 CMakeFiles/rpfm_ym2413_test.dir/pico-sdk-2.2.0/src/common/pico_time/time.c.o
                0x10001ef0                alarm_pool_add_alarm_at_force_in_context
 .text.alarm_pool_cancel_alarm
                0x10001fb8       0x80 CMakeFiles/rpfm_ym2413_test.dir/pico-sdk-2.2.0/src/common/pico_time/time.c.o
                0x10001fb8                alarm_pool_cancel_alarm
 .text.sleep_until
                0x10002038       0xbc CMakeFiles/rpfm_ym2413_test.dir/pico-sdk-2.2.0/src/common/pico_time/time.c.o
                0x10002038                sleep_until
 .text.sleep_us
                0x100020f4       0x30 CMakeFiles/rpfm_ym2413_test.dir/pico-sdk-2.2.0/src/common/pico_time/time.c.o
                0x100020f4                sleep_us
 .text.sleep_ms
                0x10002124       0x2c CMakeFiles/rpfm_ym2413_test.dir/pico-sdk-2.2.0/src/common/pico_time/time.c.o
                0x10002124                sleep_ms
 .text.best_effort_wfe_or_timeout
                0x10002150       0xbc CMakeFiles/rpfm_ym2413_test.dir/pico-sdk-2.2.0/src/common/pico_time/time.c.o
                0x10002150                best_effort_wfe_or_timeout
 .text.timer_hardware_alarm_claim
                0x1000220c       0x24 CMakeFiles/rpfm_ym2413_test.dir/pico-sdk-2.2.0/src/rp2_common/hardware_timer/timer.c.o
                0x1000220c                timer_hardware_alarm_claim
 .text.timer_time_us_64
                0x10002230       0x10 CMakeFiles/rpfm_ym2413_test.dir/pico-sdk-2.2.0/src/rp2_common/hardware_timer/timer.c.o
                0x10002230                timer_time_us_64
 .text.time_us_64
                0x10002240       0x14 CMakeFiles/rpfm_ym2413_test.dir/pico-sdk-2.2.0/src/rp2_common/hardware_timer/timer.c.o
                0x10002240                time_us_64
 .text.busy_wait_us_32
                0x10002254       0x74 CMakeFiles/rpfm_ym2413_test.dir/pico-sdk-2.2.0/src/rp2_common/hardware_timer/timer.c.o
                0x10002254                busy_wait_us_32
 .text.busy_wait_us
                0x100022c8       0x64 CMakeFiles/rpfm_ym2413_test.dir/pico-sdk-2.2.0/src/rp2_common/hardware_timer/timer.c.o
                0x100022c8                busy_wait_us
 .text.busy_wait_until
                0x1000232c       0x24 CMakeFiles/rpfm_ym2413_test.dir/pico-sdk-2.2.0/src/rp2_common/hardware_timer/timer.c.o
                0x1000232c                busy_wait_until
 .text.uart_init
                0x10002350      0x104 CMakeFiles/rpfm_ym2413_test.dir/pico-sdk-2.2.0/src/rp2_common/hardware_uart/uart.c.o
                0x10002350                uart_init
 .text.clock_configure_undivided
                0x10002454       0xd0 CMakeFiles/rpfm_ym2413_test.dir/pico-sdk-2.2.0/src/rp2_common/hardware_clocks/clocks.c.o
                0x10002454                clock_configure_undivided
 .text.clock_get_hz
                0x10002524        0xc CMakeFiles/rpfm_ym2413_test.dir/pico-sdk-2.2.0/src/rp2_common/hardware_clocks/clocks.c.o
                0x10002524                clock_get_hz
 .text.pll_init
                0x10002530       0x8c CMakeFiles/rpfm_ym2413_test.dir/pico-sdk-2.2.0/src/rp2_common/hardware_pll/pll.c.o
                0x10002530                pll_init
 .text.tick_start
                0x100025bc       0x18 CMakeFiles/rpfm_ym2413_test.dir/pico-sdk-2.2.0/src/rp2_common/hardware_ticks/ticks.c.o
                0x100025bc                tick_start
 .text.rom_func_lookup
                0x100025d4       0x18 CMakeFiles/rpfm_ym2413_test.dir/pico-sdk-2.2.0/src/rp2_common/pico_bootrom/bootrom.c.o
                0x100025d4                rom_func_lookup
 .text.runtime_init_bootrom_locking_enable
                0x100025ec       0x14 CMakeFiles/rpfm_ym2413_test.dir/pico-sdk-2.2.0/src/rp2_common/pico_bootrom/bootrom_lock.c.o
                0x100025ec                runtime_init_bootrom_locking_enable
 .text.runtime_init_boot_locks_reset
                0x10002600       0x1c CMakeFiles/rpfm_ym2413_test.dir/pico-sdk-2.2.0/src/rp2_common/hardware_boot_lock/boot_lock.c.o
                0x10002600                runtime_init_boot_locks_reset
 .text.xosc_init
                0x1000261c       0x30 CMakeFiles/rpfm_ym2413_test.dir/pico-sdk-2.2.0/src/rp2_common/hardware_xosc/xosc.c.o
                0x1000261c                xosc_init
 .text.first_per_core_initializer
                0x1000264c        0x4 CMakeFiles/rpfm_ym2413_test.dir/pico-sdk-2.2.0/src/rp2_common/pico_runtime/runtime.c.o
 .text.hard_assertion_failure
                0x10002650        0xc CMakeFiles/rpfm_ym2413_test.dir/pico-sdk-2.2.0/src/rp2_common/pico_runtime/runtime.c.o
                0x10002650                hard_assertion_failure
 .text.runtime_run_initializers
                0x1000265c       0x20 CMakeFiles/rpfm_ym2413_test.dir/pico-sdk-2.2.0/src/rp2_common/pico_runtime/runtime.c.o
                0x1000265c                runtime_run_initializers
 .text.runtime_init_early_resets
                0x1000267c       0x34 CMakeFiles/rpfm_ym2413_test.dir/pico-sdk-2.2.0/src/rp2_common/pico_runtime_init/runtime_init.c.o
                0x1000267c                runtime_init_early_resets
 .text.runtime_init_usb_power_down
                0x100026b0       0x1c CMakeFiles/rpfm_ym2413_test.dir/pico-sdk-2.2.0/src/rp2_common/pico_runtime_init/runtime_init.c.o
                0x100026b0                runtime_init_usb_power_down
 .text.runtime_init_per_core_enable_coprocessors
                0x100026cc       0x1c CMakeFiles/rpfm_ym2413_test.dir/pico-sdk-2.2.0/src/rp2_common/pico_runtime_init/runtime_init.c.o
                0x100026cc                runtime_init_per_core_enable_coprocessors
 .text.runtime_init_post_clock_resets
                0x100026e8       0x20 CMakeFiles/rpfm_ym2413_test.dir/pico-sdk-2.2.0/src/rp2_common/pico_runtime_init/runtime_init.c.o
                0x100026e8                runtime_init_post_clock_resets
 .text.runtime_init_bootrom_reset
                0x10002708       0x14 CMakeFiles/rpfm_ym2413_test.dir/pico-sdk-2.2.0/src/rp2_common/pico_runtime_init/runtime_init.c.o
                0x10002708                runtime_init_bootrom_reset
 .text.runtime_init_per_core_bootrom_reset
                0x1000271c       0x14 CMakeFiles/rpfm_ym2413_test.dir/pico-sdk-2.2.0/src/rp2_common/pico_runtime_init/runtime_init.c.o
                0x1000271c                runtime_init_per_core_bootrom_reset
 .text.runtime_init_spin_locks_reset
                0x10002730        0x4 CMakeFiles/rpfm_ym2413_test.dir/pico-sdk-2.2.0/src/rp2_common/pico_runtime_init/runtime_init.c.o
                0x10002730                runtime_init_spin_locks_reset
 .text.runtime_init_install_ram_vector_table
                0x10002734       0x68 CMakeFiles/rpfm_ym2413_test.dir/pico-sdk-2.2.0/src/rp2_common/pico_runtime_init/runtime_init.c.o
                0x10002734                runtime_init_install_ram_vector_table
 .text.runtime_init_clocks
                0x1000279c       0xdc CMakeFiles/rpfm_ym2413_test.dir/pico-sdk-2.2.0/src/rp2_common/pico_runtime_init/runtime_init_clocks.c.o
                0x1000279c                runtime_init_clocks
 .text.dpow_1   0x10002878      0x264 CMakeFiles/rpfm_ym2413_test.dir/pico-sdk-2.2.0/src/rp2_common/pico_double/double_math.c.o
 .text.dpow_int2
                0x10002adc      0x134 CMakeFiles/rpfm_ym2413_test.dir/pico-sdk-2.2.0/src/rp2_common/pico_double/double_math.c.o
 .text.dpow_0   0x10002c10      0x150 CMakeFiles/rpfm_ym2413_test.dir/pico-sdk-2.2.0/src/rp2_common/pico_double/double_math.c.o
 .text.__wrap_ldexp
                0x10002d60       0x44 CMakeFiles/rpfm_ym2413_test.dir/pico-sdk-2.2.0/src/rp2_common/pico_double/double_math.c.o
                0x10002d60                __wrap_ldexp
 .text.__wrap_round
                0x10002da4       0x7c CMakeFiles/rpfm_ym2413_test.dir/pico-sdk-2.2.0/src/rp2_common/pico_double/double_math.c.o
                0x10002da4                __wrap_round
 .text.__wrap_exp2
                0x10002e20       0xbc CMakeFiles/rpfm_ym2413_test.dir/pico-sdk-2.2.0/src/rp2_common/pico_double/double_math.c.o
                0x10002e20                __wrap_exp2
 .text.__wrap_pow
                0x10002edc      0x2cc CMakeFiles/rpfm_ym2413_test.dir/pico-sdk-2.2.0/src/rp2_common/pico_double/double_math.c.o
                0x10002edc                __wrap_pow
 .text.__rp2350_dcp_engaged_state_save_restore
                0x100031a8       0x3a CMakeFiles/rpfm_ym2413_test.dir/pico-sdk-2.2.0/src/rp2_common/pico_double/double_aeabi_dcp.S.o
 *fill*         0x100031e2        0x2 
 .text.__wrap___aeabi_dadd
                0x100031e4       0x28 CMakeFiles/rpfm_ym2413_test.dir/pico-sdk-2.2.0/src/rp2_common/pico_double/double_aeabi_dcp.S.o
                0x100031ec                __wrap___aeabi_dadd
 .text.__wrap___aeabi_dsub
                0x1000320c       0x28 CMakeFiles/rpfm_ym2413_test.dir/pico-sdk-2.2.0/src/rp2_common/pico_double/double_aeabi_dcp.S.o
                0x10003214                __wrap___aeabi_dsub
 .text.__wrap___aeabi_dmul
                0x10003234       0x4c CMakeFiles/rpfm_ym2413_test.dir/pico-sdk-2.2.0/src/rp2_common/pico_double/double_aeabi_dcp.S.o
                0x1000323c                __wrap___aeabi_dmul
 .text.__wrap___aeabi_ddiv
                0x10003280       0x9c CMakeFiles/rpfm_ym2413_test.dir/pico-sdk-2.2.0/src/rp2_common/pico_double/double_aeabi_dcp.S.o
                0x10003288                __wrap___aeabi_ddiv
 .text.__wrap___aeabi_i2d
                0x1000331c       0x24 CMakeFiles/rpfm_ym2413_test.dir/pico-sdk-2.2.0/src/rp2_common/pico_double/double_aeabi_dcp.S.o
                0x10003324                int2double
                0x10003324                __wrap___aeabi_i2d
 .text.__wrap___aeabi_ui2d
                0x10003340       0x24 CMakeFiles/rpfm_ym2413_test.dir/pico-sdk-2.2.0/src/rp2_common/pico_double/double_aeabi_dcp.S.o
                0x10003348                uint2double
                0x10003348                __wrap___aeabi_ui2d
 .text.__wrap___aeabi_d2iz
                0x10003364       0x24 CMakeFiles/rpfm_ym2413_test.dir/pico-sdk-2.2.0/src/rp2_common/pico_double/double_aeabi_dcp.S.o
                0x1000336c                double2int_z
                0x1000336c                __wrap___aeabi_d2iz
 .text.__wrap___aeabi_d2uiz
                0x10003388       0x24 CMakeFiles/rpfm_ym2413_test.dir/pico-sdk-2.2.0/src/rp2_common/pico_double/double_aeabi_dcp.S.o
                0x10003390                double2uint
                0x10003390                __wrap___aeabi_d2uiz
                0x10003390                double2uint_z
 .text.__wrap___aeabi_dcmpun
                0x100033ac       0x24 CMakeFiles/rpfm_ym2413_test.dir/pico-sdk-2.2.0/src/rp2_common/pico_double/double_aeabi_dcp.S.o
                0x100033b4                __wrap___aeabi_dcmpun
 .text.__wrap___aeabi_dcmpeq
                0x100033d0       0x24 CMakeFiles/rpfm_ym2413_test.dir/pico-sdk-2.2.0/src/rp2_common/pico_double/double_aeabi_dcp.S.o
                0x100033d8                __wrap___aeabi_dcmpeq
 .text.__wrap___aeabi_dcmplt
                0x100033f4       0x28 CMakeFiles/rpfm_ym2413_test.dir/pico-sdk-2.2.0/src/rp2_common/pico_double/double_aeabi_dcp.S.o
                0x100033fc                __wrap___aeabi_dcmplt
 .text.__wrap___aeabi_dcmple
                0x1000341c       0x28 CMakeFiles/rpfm_ym2413_test.dir/pico-sdk-2.2.0/src/rp2_common/pico_double/double_aeabi_dcp.S.o
                0x10003424                __wrap___aeabi_dcmple
 .text.__wrap___aeabi_dcmpge
                0x10003444       0x28 CMakeFiles/rpfm_ym2413_test.dir/pico-sdk-2.2.0/src/rp2_common/pico_double/double_aeabi_dcp.S.o
                0x1000344c                __wrap___aeabi_dcmpge
 .text.__wrap___aeabi_dcmpgt
                0x1000346c       0x28 CMakeFiles/rpfm_ym2413_test.dir/pico-sdk-2.2.0/src/rp2_common/pico_double/double_aeabi_dcp.S.o
                0x10003474                __wrap___aeabi_dcmpgt
 .text.dpack    0x10003494       0x58 CMakeFiles/rpfm_ym2413_test.dir/pico-sdk-2.2.0/src/rp2_common/pico_double/double_sci_m33.S.o
 .text.dreduce  0x100034ec       0x7a CMakeFiles/rpfm_ym2413_test.dir/pico-sdk-2.2.0/src/rp2_common/pico_double/double_sci_m33.S.o
 *fill*         0x10003566        0x2 
 .text.exptab   0x10003568      0x1fc CMakeFiles/rpfm_ym2413_test.dir/pico-sdk-2.2.0/src/rp2_common/pico_double/double_sci_m33.S.o
                0x10003568                exptab0
                0x100035c8                exptab1
                0x10003658                exptab2
                0x100036d8                logtab0
 .text.__wrap_exp
                0x10003764      0x148 CMakeFiles/rpfm_ym2413_test.dir/pico-sdk-2.2.0/src/rp2_common/pico_double/double_sci_m33.S.o
                0x1000378e                __wrap_exp
 .text.__wrap_log
                0x100038ac      0x358 CMakeFiles/rpfm_ym2413_test.dir/pico-sdk-2.2.0/src/rp2_common/pico_double/double_sci_m33.S.o
                0x10003a8a                __wrap_log
 .text._out_null
                0x10003c04        0x4 CMakeFiles/rpfm_ym2413_test.dir/pico-sdk-2.2.0/src/rp2_common/pico_printf/printf.c.o
 .text._out_rev
                0x10003c08       0x9c CMakeFiles/rpfm_ym2413_test.dir/pico-sdk-2.2.0/src/rp2_common/pico_printf/printf.c.o
 .text._ntoa_format
                0x10003ca4      0x2a4 CMakeFiles/rpfm_ym2413_test.dir/pico-sdk-2.2.0/src/rp2_common/pico_printf/printf.c.o
 .text._out_char
                0x10003f48        0x8 CMakeFiles/rpfm_ym2413_test.dir/pico-sdk-2.2.0/src/rp2_common/pico_printf/printf.c.o
 .text._out_fct
                0x10003f50        0xc CMakeFiles/rpfm_ym2413_test.dir/pico-sdk-2.2.0/src/rp2_common/pico_printf/printf.c.o
 *fill*         0x10003f5c        0x4 
 .text._etoa    0x10003f60      0x460 CMakeFiles/rpfm_ym2413_test.dir/pico-sdk-2.2.0/src/rp2_common/pico_printf/printf.c.o
 .text._ftoa    0x100043c0      0x3f4 CMakeFiles/rpfm_ym2413_test.dir/pico-sdk-2.2.0/src/rp2_common/pico_printf/printf.c.o
 .text._vsnprintf
                0x100047b4      0x9e8 CMakeFiles/rpfm_ym2413_test.dir/pico-sdk-2.2.0/src/rp2_common/pico_printf/printf.c.o
 .text.vfctprintf
                0x1000519c       0x28 CMakeFiles/rpfm_ym2413_test.dir/pico-sdk-2.2.0/src/rp2_common/pico_printf/printf.c.o
                0x1000519c                vfctprintf
 .text.weak_raw_vprintf
                0x100051c4       0x30 CMakeFiles/rpfm_ym2413_test.dir/pico-sdk-2.2.0/src/rp2_common/pico_printf/printf.c.o
                0x100051c4                weak_raw_vprintf
 .text._exit    0x100051f4        0x4 CMakeFiles/rpfm_ym2413_test.dir/pico-sdk-2.2.0/src/rp2_common/pico_clib_interface/newlib_interface.c.o
                0x100051f4                _exit
 .text.exit     0x100051f8        0x8 CMakeFiles/rpfm_ym2413_test.dir/pico-sdk-2.2.0/src/rp2_common/pico_clib_interface/newlib_interface.c.o
                0x100051f8                exit
 .text.runtime_init
                0x10005200       0x24 CMakeFiles/rpfm_ym2413_test.dir/pico-sdk-2.2.0/src/rp2_common/pico_clib_interface/newlib_interface.c.o
                0x10005200                runtime_init
 .text.stdio_out_chars_no_crlf
                0x10005224        0x8 CMakeFiles/rpfm_ym2413_test.dir/pico-sdk-2.2.0/src/rp2_common/pico_stdio/stdio.c.o
 .text.stdio_out_chars_crlf
                0x1000522c       0xac CMakeFiles/rpfm_ym2413_test.dir/pico-sdk-2.2.0/src/rp2_common/pico_stdio/stdio.c.o
 .text.stdio_buffered_printer
                0x100052d8       0x60 CMakeFiles/rpfm_ym2413_test.dir/pico-sdk-2.2.0/src/rp2_common/pico_stdio/stdio.c.o
 .text.stdio_put_string
                0x10005338       0xf0 CMakeFiles/rpfm_ym2413_test.dir/pico-sdk-2.2.0/src/rp2_common/pico_stdio/stdio.c.o
                0x10005338                stdio_put_string
 .text.stdio_set_driver_enabled
                0x10005428       0x30 CMakeFiles/rpfm_ym2413_test.dir/pico-sdk-2.2.0/src/rp2_common/pico_stdio/stdio.c.o
                0x10005428                stdio_set_driver_enabled
 .text.stdio_init_all
                0x10005458        0xc CMakeFiles/rpfm_ym2413_test.dir/pico-sdk-2.2.0/src/rp2_common/pico_stdio/stdio.c.o
                0x10005458                stdio_init_all
 .text.__wrap_putchar
                0x10005464       0x84 CMakeFiles/rpfm_ym2413_test.dir/pico-sdk-2.2.0/src/rp2_common/pico_stdio/stdio.c.o
                0x10005464                __wrap_putchar
                0x10005464                stdio_putchar
 .text.__wrap_puts
                0x100054e8       0x3c CMakeFiles/rpfm_ym2413_test.dir/pico-sdk-2.2.0/src/rp2_common/pico_stdio/stdio.c.o
                0x100054e8                stdio_puts
                0x100054e8                __wrap_puts
 .text.__wrap_vprintf
                0x10005524       0xc8 CMakeFiles/rpfm_ym2413_test.dir/pico-sdk-2.2.0/src/rp2_common/pico_stdio/stdio.c.o
                0x10005524                stdio_vprintf
                0x10005524                __wrap_vprintf
 .text.__wrap_printf
                0x100055ec       0x1c CMakeFiles/rpfm_ym2413_test.dir/pico-sdk-2.2.0/src/rp2_common/pico_stdio/stdio.c.o
                0x100055ec                __wrap_printf
                0x100055ec                stdio_printf
 .text.stdio_uart_out_chars
                0x10005608       0x50 CMakeFiles/rpfm_ym2413_test.dir/pico-sdk-2.2.0/src/rp2_common/pico_stdio_uart/stdio_uart.c.o
 .text.stdio_uart_in_chars
                0x10005658       0x94 CMakeFiles/rpfm_ym2413_test.dir/pico-sdk-2.2.0/src/rp2_common/pico_stdio_uart/stdio_uart.c.o
                0x10005658                stdio_uart_in_chars
 .text.on_uart_rx
                0x100056ec       0x24 CMakeFiles/rpfm_ym2413_test.dir/pico-sdk-2.2.0/src/rp2_common/pico_stdio_uart/stdio_uart.c.o
 .text.stdio_uart_out_flush
                0x10005710       0x10 CMakeFiles/rpfm_ym2413_test.dir/pico-sdk-2.2.0/src/rp2_common/pico_stdio_uart/stdio_uart.c.o
 .text.stdio_uart_set_chars_available_callback
                0x10005720       0x88 CMakeFiles/rpfm_ym2413_test.dir/pico-sdk-2.2.0/src/rp2_common/pico_stdio_uart/stdio_uart.c.o
 .text.stdio_uart_init
                0x100057a8       0x54 CMakeFiles/rpfm_ym2413_test.dir/pico-sdk-2.2.0/src/rp2_common/pico_stdio_uart/stdio_uart.c.o
                0x100057a8                stdio_uart_init
 .text.pio_claim_unused_sm
                0x100057fc       0x38 CMakeFiles/rpfm_ym2413_test.dir/pico-sdk-2.2.0/src/rp2_common/hardware_pio/pio.c.o
                0x100057fc                pio_claim_unused_sm
 .text.pio_add_program
                0x10005834       0xf8 CMakeFiles/rpfm_ym2413_test.dir/pico-sdk-2.2.0/src/rp2_common/hardware_pio/pio.c.o
                0x10005834                pio_add_program
 .text.pio_sm_set_pins_with_mask
                0x1000592c       0x68 CMakeFiles/rpfm_ym2413_test.dir/pico-sdk-2.2.0/src/rp2_common/hardware_pio/pio.c.o
                0x1000592c                pio_sm_set_pins_with_mask
 .text.pio_sm_set_consecutive_pindirs
                0x10005994       0x8c CMakeFiles/rpfm_ym2413_test.dir/pico-sdk-2.2.0/src/rp2_common/hardware_pio/pio.c.o
                0x10005994                pio_sm_set_consecutive_pindirs
 .text.pio_sm_init
                0x10005a20       0xa8 CMakeFiles/rpfm_ym2413_test.dir/pico-sdk-2.2.0/src/rp2_common/hardware_pio/pio.c.o
                0x10005a20                pio_sm_init
 .text          0x10005ac8        0xc D:/msys64/mingw64/bin/../lib/gcc/arm-none-eabi/13.3.0/../../../../arm-none-eabi/lib/thumb/v8-m.main+fp/softfp\libg.a(libc_a-atexit.o)
                0x10005ac8                atexit
 .text          0x10005ad4       0x28 D:/msys64/mingw64/bin/../lib/gcc/arm-none-eabi/13.3.0/../../../../arm-none-eabi/lib/thumb/v8-m.main+fp/softfp\libg.a(libc_a-fini.o)
                0x10005ad4                __libc_fini_array
 .text          0x10005afc       0x28 D:/msys64/mingw64/bin/../lib/gcc/arm-none-eabi/13.3.0/../../../../arm-none-eabi/lib/thumb/v8-m.main+fp/softfp\libg.a(libc_a-lock.o)
                0x10005afc                __retarget_lock_init
                0x10005b00                __retarget_lock_init_recursive
                0x10005b04                __retarget_lock_close
                0x10005b08                __retarget_lock_close_recursive
                0x10005b0c                __retarget_lock_acquire
                0x10005b10                __retarget_lock_acquire_recursive
                0x10005b14                __retarget_lock_try_acquire
                0x10005b18                __retarget_lock_try_acquire_recursive
                0x10005b1c                __retarget_lock_release
                0x10005b20                __retarget_lock_release_recursive
 .text          0x10005b24       0xec D:/msys64/mingw64/bin/../lib/gcc/arm-none-eabi/13.3.0/../../../../arm-none-eabi/lib/thumb/v8-m.main+fp/softfp\libg.a(libc_a-memcpy.o)
                0x10005b24                memcpy
 .text          0x10005c10       0x5c D:/msys64/mingw64/bin/../lib/gcc/arm-none-eabi/13.3.0/../../../../arm-none-eabi/lib/thumb/v8-m.main+fp/softfp\libg.a(libc_a-strlen-stub.o)
                0x10005c10                strlen
 .text          0x10005c6c       0x84 D:/msys64/mingw64/bin/../lib/gcc/arm-none-eabi/13.3.0/../../../../arm-none-eabi/lib/thumb/v8-m.main+fp/softfp\libg.a(libc_a-__atexit.o)
                0x10005c6c                __register_exitproc
 .text.startup  0x10005cf0       0x14 D:/msys64/mingw64/bin/../lib/gcc/arm-none-eabi/13.3.0/../../../../arm-none-eabi/lib/thumb/v8-m.main+fp/softfp\libg.a(libc_a-__call_atexit.o)
 *(.fini)
 .fini          0x10005d04        0x4 D:/msys64/mingw64/bin/../lib/gcc/arm-none-eabi/13.3.0/thumb/v8-m.main+fp/softfp/crti.o
                0x10005d04                _fini
 .fini.__stub   0x10005d08       0x18 linker stubs
 *crtbegin.o(.ctors)
 *crtbegin?.o(.ctors)
 *(EXCLUDE_FILE(*crtend.o *crtend?.o) .ctors)
 *(SORT_BY_NAME(.ctors.*))
 *(.ctors)
 *crtbegin.o(.dtors)
 *crtbegin?.o(.dtors)
 *(EXCLUDE_FILE(*crtend.o *crtend?.o) .dtors)
 *(SORT_BY_NAME(.dtors.*))
 *(.dtors)
                0x10005d20                        . = ALIGN (0x4)
                0x10005d20                        PROVIDE (__preinit_array_start = .)
 *(SORT_BY_NAME(.preinit_array.*))
 .preinit_array.00050
                0x10005d20        0x4 CMakeFiles/rpfm_ym2413_test.dir/pico-sdk-2.2.0/src/rp2_common/pico_runtime_init/runtime_init.c.o
                0x10005d20                __pre_init_runtime_init_bootrom_reset
 .preinit_array.00100
                0x10005d24        0x4 CMakeFiles/rpfm_ym2413_test.dir/pico-sdk-2.2.0/src/rp2_common/pico_runtime_init/runtime_init.c.o
                0x10005d24                __pre_init_runtime_init_early_resets
 .preinit_array.00101
                0x10005d28        0x4 CMakeFiles/rpfm_ym2413_test.dir/pico-sdk-2.2.0/src/rp2_common/pico_runtime_init/runtime_init.c.o
                0x10005d28                __pre_init_runtime_init_usb_power_down
 .preinit_array.00500
                0x10005d2c        0x4 CMakeFiles/rpfm_ym2413_test.dir/pico-sdk-2.2.0/src/rp2_common/pico_runtime_init/runtime_init.c.o
                0x10005d2c                __pre_init_runtime_init_clocks
 .preinit_array.00600
                0x10005d30        0x4 CMakeFiles/rpfm_ym2413_test.dir/pico-sdk-2.2.0/src/rp2_common/pico_runtime_init/runtime_init.c.o
                0x10005d30                __pre_init_runtime_init_post_clock_resets
 .preinit_array.01000
                0x10005d34        0x4 CMakeFiles/rpfm_ym2413_test.dir/pico-sdk-2.2.0/src/rp2_common/hardware_boot_lock/boot_lock.c.o
                0x10005d34                __pre_init_runtime_init_boot_locks_reset
 .preinit_array.01000
                0x10005d38        0x4 CMakeFiles/rpfm_ym2413_test.dir/pico-sdk-2.2.0/src/rp2_common/pico_runtime_init/runtime_init.c.o
                0x10005d38                __pre_init_runtime_init_spin_locks_reset
 .preinit_array.01010
                0x10005d3c        0x4 CMakeFiles/rpfm_ym2413_test.dir/pico-sdk-2.2.0/src/rp2_common/pico_bootrom/bootrom_lock.c.o
                0x10005d3c                __pre_init_runtime_init_bootrom_locking_enable
 .preinit_array.01100
                0x10005d40        0x4 CMakeFiles/rpfm_ym2413_test.dir/pico-sdk-2.2.0/src/common/pico_sync/mutex.c.o
                0x10005d40                __pre_init_runtime_init_mutex
 .preinit_array.10080
                0x10005d44        0x4 CMakeFiles/rpfm_ym2413_test.dir/pico-sdk-2.2.0/src/rp2_common/pico_runtime_init/runtime_init.c.o
                0x10005d44                __pre_init_runtime_init_install_ram_vector_table
 .preinit_array.11000
                0x10005d48        0x4 CMakeFiles/rpfm_ym2413_test.dir/pico-sdk-2.2.0/src/common/pico_time/time.c.o
                0x10005d48                __pre_init_runtime_init_default_alarm_pool
 .preinit_array.YYYYY
                0x10005d4c        0x4 CMakeFiles/rpfm_ym2413_test.dir/pico-sdk-2.2.0/src/rp2_common/pico_runtime/runtime.c.o
                0x10005d4c                __pre_init_first_per_core_initializer
 .preinit_array.ZZZZZ.00051
                0x10005d50        0x4 CMakeFiles/rpfm_ym2413_test.dir/pico-sdk-2.2.0/src/rp2_common/pico_runtime_init/runtime_init.c.o
                0x10005d50                __pre_init_runtime_init_per_core_bootrom_reset
 .preinit_array.ZZZZZ.00200
                0x10005d54        0x4 CMakeFiles/rpfm_ym2413_test.dir/pico-sdk-2.2.0/src/rp2_common/pico_runtime_init/runtime_init.c.o
                0x10005d54                __pre_init_runtime_init_per_core_enable_coprocessors
 .preinit_array.ZZZZZ.01000
                0x10005d58        0x4 CMakeFiles/rpfm_ym2413_test.dir/pico-sdk-2.2.0/src/rp2_common/hardware_sync_spin_lock/sync_spin_lock.c.o
                0x10005d58                __pre_init_spinlock_set_extexclall
 .preinit_array.ZZZZZ.01200
                0x10005d5c        0x4 CMakeFiles/rpfm_ym2413_test.dir/pico-sdk-2.2.0/src/rp2_common/hardware_irq/irq.c.o
                0x10005d5c                __pre_init_runtime_init_per_core_irq_priorities
 *(.preinit_array)
                0x10005d60                        PROVIDE (__preinit_array_end = .)
                0x10005d60                        . = ALIGN (0x4)
                0x10005d60                        PROVIDE (__init_array_start = .)
 *(SORT_BY_NAME(.init_array.*))
 .init_array.00000
                0x10005d60        0x4 D:/msys64/mingw64/bin/../lib/gcc/arm-none-eabi/13.3.0/../../../../arm-none-eabi/lib/thumb/v8-m.main+fp/softfp\libg.a(libc_a-__call_atexit.o)
 *(.init_array)
 .init_array    0x10005d64        0x4 D:/msys64/mingw64/bin/../lib/gcc/arm-none-eabi/13.3.0/thumb/v8-m.main+fp/softfp/crtbegin.o
                0x10005d68                        PROVIDE (__init_array_end = .)
                0x10005d68                        . = ALIGN (0x4)
                0x10005d68                        PROVIDE (__fini_array_start = .)
 *(SORT_BY_NAME(.fini_array.*))
 *(.fini_array)
                0x10005d68                        PROVIDE (__fini_array_end = .)
 *(.eh_frame*)
 .eh_frame      0x10005d68        0x0 D:/msys64/mingw64/bin/../lib/gcc/arm-none-eabi/13.3.0/thumb/v8-m.main+fp/softfp/crtbegin.o
                0x10005d68                        . = ALIGN (0x4)

.glue_7         0x10005d68        0x0
 .glue_7        0x10005d68        0x0 linker stubs

.glue_7t        0x10005d68        0x0
 .glue_7t       0x10005d68        0x0 linker stubs

.vfp11_veneer   0x10005d68        0x0
 .vfp11_veneer  0x10005d68        0x0 linker stubs

.v4_bx          0x10005d68        0x0
 .v4_bx         0x10005d68        0x0 linker stubs

.iplt           0x10005d68        0x0
 .iplt          0x10005d68        0x0 D:/msys64/mingw64/bin/../lib/gcc/arm-none-eabi/13.3.0/thumb/v8-m.main+fp/softfp/crtbegin.o

.boot2          0x10005d68        0x0
                0x10005d68                        __boot2_start__ = .
 *(.boot2)
                0x10005d68                        __boot2_end__ = .
                0x00000001                        ASSERT (((__boot2_end__ - __boot2_start__) <= 0x100), ERROR: Pico second stage bootloader must be no more than 256 bytes in size)

.rodata         0x10005d68      0x458
 *(EXCLUDE_FILE(*libm.a: *libc.a:*lib_a-mem*.o *libgcc.a:) .rodata*)
 .rodata.main.str1.4
                0x10005d68      0x2d0 CMakeFiles/rpfm_ym2413_test.dir/main.c.o
                                0x149 (size before relaxing)
 .rodata.str1.4
                0x10006038        0x0 CMakeFiles/rpfm_ym2413_test.dir/main.c.o
                                 0x8d (size before relaxing)
 .rodata.inst_names.0
                0x10006038       0x40 CMakeFiles/rpfm_ym2413_test.dir/main.c.o
 .rodata.scale.1
                0x10006078        0x8 CMakeFiles/rpfm_ym2413_test.dir/main.c.o
 .rodata.melody_dur
                0x10006080       0x30 CMakeFiles/rpfm_ym2413_test.dir/main.c.o
 .rodata.melody_notes
                0x100060b0       0x30 CMakeFiles/rpfm_ym2413_test.dir/main.c.o
 .rodata.ym2413_write_program
                0x100060e0        0x8 CMakeFiles/rpfm_ym2413_test.dir/main.c.o
 .rodata.ym2413_write_program_instructions
                0x100060e8       0x10 CMakeFiles/rpfm_ym2413_test.dir/main.c.o
 .rodata.panic.str1.4
                0x100060f8        0x0 CMakeFiles/rpfm_ym2413_test.dir/pico-sdk-2.2.0/src/rp2_common/pico_platform_panic/panic.c.o
                                 0x12 (size before relaxing)
 .rodata.timer_hardware_alarm_claim.str1.4
                0x100060f8        0x0 CMakeFiles/rpfm_ym2413_test.dir/pico-sdk-2.2.0/src/rp2_common/hardware_timer/timer.c.o
                                 0x22 (size before relaxing)
 .rodata.hard_assertion_failure.str1.4
                0x100060f8        0x0 CMakeFiles/rpfm_ym2413_test.dir/pico-sdk-2.2.0/src/rp2_common/pico_runtime/runtime.c.o
                                  0xc (size before relaxing)
 .rodata.str1.4
                0x100060f8        0x0 CMakeFiles/rpfm_ym2413_test.dir/pico-sdk-2.2.0/src/rp2_common/pico_standard_binary_info/standard_binary_info.c.o
                                 0x48 (size before relaxing)
 .rodata.__bi_84
                0x100060f8        0xc CMakeFiles/rpfm_ym2413_test.dir/pico-sdk-2.2.0/src/rp2_common/pico_standard_binary_info/standard_binary_info.c.o
 .rodata.__bi_78
                0x10006104        0xc CMakeFiles/rpfm_ym2413_test.dir/pico-sdk-2.2.0/src/rp2_common/pico_standard_binary_info/standard_binary_info.c.o
 .rodata.__bi_54
                0x10006110        0xc CMakeFiles/rpfm_ym2413_test.dir/pico-sdk-2.2.0/src/rp2_common/pico_standard_binary_info/standard_binary_info.c.o
 .rodata.__bi_48
                0x1000611c        0xc CMakeFiles/rpfm_ym2413_test.dir/pico-sdk-2.2.0/src/rp2_common/pico_standard_binary_info/standard_binary_info.c.o
 .rodata.__bi_42
                0x10006128        0xc CMakeFiles/rpfm_ym2413_test.dir/pico-sdk-2.2.0/src/rp2_common/pico_standard_binary_info/standard_binary_info.c.o
 .rodata.__bi_34
                0x10006134        0xc CMakeFiles/rpfm_ym2413_test.dir/pico-sdk-2.2.0/src/rp2_common/pico_standard_binary_info/standard_binary_info.c.o
 .rodata.__bi_26
                0x10006140        0xc CMakeFiles/rpfm_ym2413_test.dir/pico-sdk-2.2.0/src/rp2_common/pico_standard_binary_info/standard_binary_info.c.o
 .rodata._ftoa.str1.4
                0x1000614c        0x0 CMakeFiles/rpfm_ym2413_test.dir/pico-sdk-2.2.0/src/rp2_common/pico_printf/printf.c.o
                                 0x15 (size before relaxing)
 *fill*         0x1000614c        0x4 
 .rodata.pow10.0
                0x10006150       0x50 CMakeFiles/rpfm_ym2413_test.dir/pico-sdk-2.2.0/src/rp2_common/pico_printf/printf.c.o
 .rodata.crlf_str.0
                0x100061a0        0x2 CMakeFiles/rpfm_ym2413_test.dir/pico-sdk-2.2.0/src/rp2_common/pico_stdio/stdio.c.o
 .rodata.str1.4
                0x100061a2        0x0 CMakeFiles/rpfm_ym2413_test.dir/pico-sdk-2.2.0/src/rp2_common/pico_stdio_uart/stdio_uart.c.o
                                 0x2c (size before relaxing)
 *fill*         0x100061a2        0x2 
 .rodata.__bi_45.4
                0x100061a4        0xc CMakeFiles/rpfm_ym2413_test.dir/pico-sdk-2.2.0/src/rp2_common/pico_stdio_uart/stdio_uart.c.o
 .rodata.__bi_49.5
                0x100061b0        0x8 CMakeFiles/rpfm_ym2413_test.dir/pico-sdk-2.2.0/src/rp2_common/pico_stdio_uart/stdio_uart.c.o
 .rodata.__bi_50.6
                0x100061b8        0x8 CMakeFiles/rpfm_ym2413_test.dir/pico-sdk-2.2.0/src/rp2_common/pico_stdio_uart/stdio_uart.c.o
 .rodata.pio_claim_unused_sm.str1.4
                0x100061c0        0x0 CMakeFiles/rpfm_ym2413_test.dir/pico-sdk-2.2.0/src/rp2_common/hardware_pio/pio.c.o
                                 0x24 (size before relaxing)
 *(.srodata*)
                0x100061c0                        . = ALIGN (0x4)
 *(SORT_BY_ALIGNMENT(SORT_BY_NAME(.flashdata*)))
                0x100061c0                        . = ALIGN (0x4)

.ARM.extab
 *(.ARM.extab* .gnu.linkonce.armextab.*)
                0x100061c0                        __exidx_start = .

.ARM.exidx      0x100061c0        0x8
 *(.ARM.exidx* .gnu.linkonce.armexidx.*)
 .ARM.exidx     0x100061c0        0x8 D:/msys64/mingw64/bin/../lib/gcc/arm-none-eabi/13.3.0/../../../../arm-none-eabi/lib/thumb/v8-m.main+fp/softfp\libg.a(libc_a-memcpy.o)
 .ARM.exidx.text.__udivmoddi4
                0x100061c8        0x0 D:/msys64/mingw64/bin/../lib/gcc/arm-none-eabi/13.3.0/thumb/v8-m.main+fp/softfp\libgcc.a(_udivmoddi4.o)
                                  0x8 (size before relaxing)
                0x100061c8                        __exidx_end = .
                0x100061c8                        . = ALIGN (0x4)
                0x100061c8                        __binary_info_start = .

.binary_info    0x100061c8       0x28
 *(.binary_info.keep.*)
 .binary_info.keep.__bi_ptr84
                0x100061c8        0x4 CMakeFiles/rpfm_ym2413_test.dir/pico-sdk-2.2.0/src/rp2_common/pico_standard_binary_info/standard_binary_info.c.o
 .binary_info.keep.__bi_ptr78
                0x100061cc        0x4 CMakeFiles/rpfm_ym2413_test.dir/pico-sdk-2.2.0/src/rp2_common/pico_standard_binary_info/standard_binary_info.c.o
 .binary_info.keep.__bi_ptr54
                0x100061d0        0x4 CMakeFiles/rpfm_ym2413_test.dir/pico-sdk-2.2.0/src/rp2_common/pico_standard_binary_info/standard_binary_info.c.o
 .binary_info.keep.__bi_ptr48
                0x100061d4        0x4 CMakeFiles/rpfm_ym2413_test.dir/pico-sdk-2.2.0/src/rp2_common/pico_standard_binary_info/standard_binary_info.c.o
 .binary_info.keep.__bi_ptr42
                0x100061d8        0x4 CMakeFiles/rpfm_ym2413_test.dir/pico-sdk-2.2.0/src/rp2_common/pico_standard_binary_info/standard_binary_info.c.o
 .binary_info.keep.__bi_ptr34
                0x100061dc        0x4 CMakeFiles/rpfm_ym2413_test.dir/pico-sdk-2.2.0/src/rp2_common/pico_standard_binary_info/standard_binary_info.c.o
 .binary_info.keep.__bi_ptr26
                0x100061e0        0x4 CMakeFiles/rpfm_ym2413_test.dir/pico-sdk-2.2.0/src/rp2_common/pico_standard_binary_info/standard_binary_info.c.o
 *(.binary_info.*)
 .binary_info.__bi_ptr50
                0x100061e4        0x4 CMakeFiles/rpfm_ym2413_test.dir/pico-sdk-2.2.0/src/rp2_common/pico_stdio_uart/stdio_uart.c.o
 .binary_info.__bi_ptr49
                0x100061e8        0x4 CMakeFiles/rpfm_ym2413_test.dir/pico-sdk-2.2.0/src/rp2_common/pico_stdio_uart/stdio_uart.c.o
 .binary_info.__bi_ptr45
                0x100061ec        0x4 CMakeFiles/rpfm_ym2413_test.dir/pico-sdk-2.2.0/src/rp2_common/pico_stdio_uart/stdio_uart.c.o
                0x100061f0                        __binary_info_end = .
                0x100061f0                        . = ALIGN (0x4)

.ram_vector_table
                0x20000000      0x110
 *(.ram_vector_table)
 .ram_vector_table
                0x20000000      0x110 CMakeFiles/rpfm_ym2413_test.dir/pico-sdk-2.2.0/src/rp2_common/pico_runtime_init/runtime_init.c.o
                0x20000000                ram_vector_table

.uninitialized_data
                0x20000110        0x0
                0x20000110                        . = ALIGN (0x4)
 *(.uninitialized_data*)

.data           0x20000110      0x478 load address 0x100061f0
                0x20000110                        __data_start__ = .
 *(vtable)
 *(.time_critical*)
 .time_critical.mutex_enter_block_until
                0x20000110       0x70 CMakeFiles/rpfm_ym2413_test.dir/pico-sdk-2.2.0/src/common/pico_sync/mutex.c.o
                0x20000110                mutex_enter_block_until
 .time_critical.mutex_try_enter_block_until
                0x20000180       0x6c CMakeFiles/rpfm_ym2413_test.dir/pico-sdk-2.2.0/src/common/pico_sync/mutex.c.o
                0x20000180                mutex_try_enter_block_until
 .time_critical.mutex_exit
                0x200001ec       0x3c CMakeFiles/rpfm_ym2413_test.dir/pico-sdk-2.2.0/src/common/pico_sync/mutex.c.o
                0x200001ec                mutex_exit
 *(.text*)
 .text          0x20000228       0x30 D:/msys64/mingw64/bin/../lib/gcc/arm-none-eabi/13.3.0/thumb/v8-m.main+fp/softfp\libgcc.a(_aeabi_uldivmod.o)
                0x20000228                __aeabi_uldivmod
 .text.__udivmoddi4
                0x20000258      0x29c D:/msys64/mingw64/bin/../lib/gcc/arm-none-eabi/13.3.0/thumb/v8-m.main+fp/softfp\libgcc.a(_udivmoddi4.o)
                0x20000258                __udivmoddi4
 .text          0x200004f4        0x4 D:/msys64/mingw64/bin/../lib/gcc/arm-none-eabi/13.3.0/thumb/v8-m.main+fp/softfp\libgcc.a(_dvmd_tls.o)
                0x200004f4                __aeabi_idiv0
                0x200004f4                __aeabi_ldiv0
 .text.__stub   0x200004f8        0x8 linker stubs
                0x20000500                        . = ALIGN (0x4)
 *(.rodata*)
                0x20000500                        . = ALIGN (0x4)
 *(.data*)
 .data.striped_spin_lock_num
                0x20000500        0x1 CMakeFiles/rpfm_ym2413_test.dir/pico-sdk-2.2.0/src/rp2_common/hardware_sync/sync.c.o
 *fill*         0x20000501        0x3 
 .data          0x20000504       0x48 CMakeFiles/rpfm_ym2413_test.dir/pico-sdk-2.2.0/src/rp2_common/hardware_irq/irq_handler_chain.S.o
                0x20000504                irq_handler_chain_slots
                0x20000534                irq_handler_chain_first_slot
                0x2000053e                irq_handler_chain_remove_tail
 .data.default_alarm_pool
                0x2000054c       0x18 CMakeFiles/rpfm_ym2413_test.dir/pico-sdk-2.2.0/src/common/pico_time/time.c.o
 .data.stdio_uart
                0x20000564       0x18 CMakeFiles/rpfm_ym2413_test.dir/pico-sdk-2.2.0/src/rp2_common/pico_stdio_uart/stdio_uart.c.o
                0x20000564                stdio_uart
 .data          0x2000057c        0x4 D:/msys64/mingw64/bin/../lib/gcc/arm-none-eabi/13.3.0/../../../../arm-none-eabi/lib/thumb/v8-m.main+fp/softfp\libg.a(libc_a-__call_atexit.o)
                0x2000057c                __atexit_recursive_mutex
 *(.sdata*)
                0x20000580                        . = ALIGN (0x4)
 *(.after_data.*)
                0x20000580                        . = ALIGN (0x4)
                0x20000580                        PROVIDE (__mutex_array_start = .)
 *(SORT_BY_NAME(.mutex_array.*))
 *(.mutex_array)
 .mutex_array   0x20000580        0x8 CMakeFiles/rpfm_ym2413_test.dir/pico-sdk-2.2.0/src/rp2_common/pico_stdio/stdio.c.o
                0x20000588                        PROVIDE (__mutex_array_end = .)
 *(.jcr)
                0x20000588                        . = ALIGN (0x4)

.igot.plt       0x20000588        0x0 load address 0x10006668
 .igot.plt      0x20000588        0x0 D:/msys64/mingw64/bin/../lib/gcc/arm-none-eabi/13.3.0/thumb/v8-m.main+fp/softfp/crtbegin.o

.tdata          0x20000588        0x0 load address 0x10006668
                0x20000588                        . = ALIGN (0x4)
 *(.tdata .tdata.* .gnu.linkonce.td.*)
                0x20000588                        __tdata_end = .
                0x20000588                        PROVIDE (__data_end__ = .)
                0x100061f0                        __etext = LOADADDR (.data)

.tbss           0x20000588        0x0 load address 0x10006668
                0x20000588                        . = ALIGN (0x4)
                0x20000588                        __bss_start__ = .
                0x20000588                        __tls_base = .
 *(.tbss .tbss.* .gnu.linkonce.tb.*)
 *(.tcommon)
                0x20000588                        __tls_end = .

.bss            0x20000588      0x3f0 load address 0x10006668
                0x20000588                        . = ALIGN (0x4)
                0x20000588                        __tbss_end = .
 *(SORT_BY_ALIGNMENT(SORT_BY_NAME(.bss*)))
 .bss.default_alarm_pool_entries
                0x20000588      0x180 CMakeFiles/rpfm_ym2413_test.dir/pico-sdk-2.2.0/src/common/pico_time/time.c.o
 .bss           0x20000708       0x1d D:/msys64/mingw64/bin/../lib/gcc/arm-none-eabi/13.3.0/../../../../arm-none-eabi/lib/thumb/v8-m.main+fp/softfp\libg.a(libc_a-lock.o)
                0x20000708                __lock___arc4random_mutex
                0x2000070c                __lock___dd_hash_mutex
                0x20000710                __lock___tz_mutex
                0x20000714                __lock___env_recursive_mutex
                0x20000718                __lock___malloc_recursive_mutex
                0x2000071c                __lock___at_quick_exit_mutex
                0x20000720                __lock___atexit_recursive_mutex
                0x20000724                __lock___sfp_recursive_mutex
 *fill*         0x20000725        0x3 
 .bss           0x20000728      0x190 D:/msys64/mingw64/bin/../lib/gcc/arm-none-eabi/13.3.0/../../../../arm-none-eabi/lib/thumb/v8-m.main+fp/softfp\libg.a(libc_a-__atexit.o)
                0x20000728                __atexit0
 .bss           0x200008b8        0x4 D:/msys64/mingw64/bin/../lib/gcc/arm-none-eabi/13.3.0/../../../../arm-none-eabi/lib/thumb/v8-m.main+fp/softfp\libg.a(libc_a-__call_atexit.o)
                0x200008b8                __atexit
 .bss._sw_spin_locks
                0x200008bc       0x20 CMakeFiles/rpfm_ym2413_test.dir/pico-sdk-2.2.0/src/rp2_common/hardware_sync_spin_lock/sync_spin_lock.c.o
                0x200008bc                _sw_spin_locks
 .bss._used_instruction_space
                0x200008dc        0xc CMakeFiles/rpfm_ym2413_test.dir/pico-sdk-2.2.0/src/rp2_common/hardware_pio/pio.c.o
 .bss.chars_available_callback
                0x200008e8        0x4 CMakeFiles/rpfm_ym2413_test.dir/pico-sdk-2.2.0/src/rp2_common/pico_stdio_uart/stdio_uart.c.o
 .bss.chars_available_param
                0x200008ec        0x4 CMakeFiles/rpfm_ym2413_test.dir/pico-sdk-2.2.0/src/rp2_common/pico_stdio_uart/stdio_uart.c.o
 .bss.claimed   0x200008f0        0x2 CMakeFiles/rpfm_ym2413_test.dir/pico-sdk-2.2.0/src/rp2_common/hardware_timer/timer.c.o
 *fill*         0x200008f2        0x2 
 .bss.claimed   0x200008f4        0x2 CMakeFiles/rpfm_ym2413_test.dir/pico-sdk-2.2.0/src/rp2_common/hardware_pio/pio.c.o
 *fill*         0x200008f6        0x2 
 .bss.configured_freq
                0x200008f8       0x28 CMakeFiles/rpfm_ym2413_test.dir/pico-sdk-2.2.0/src/rp2_common/hardware_clocks/clocks.c.o
 .bss.drivers   0x20000920        0x4 CMakeFiles/rpfm_ym2413_test.dir/pico-sdk-2.2.0/src/rp2_common/pico_stdio/stdio.c.o
 .bss.filter    0x20000924        0x4 CMakeFiles/rpfm_ym2413_test.dir/pico-sdk-2.2.0/src/rp2_common/pico_stdio/stdio.c.o
 .bss.lazy_vsnprintf
                0x20000928        0x4 CMakeFiles/rpfm_ym2413_test.dir/pico-sdk-2.2.0/src/rp2_common/pico_printf/printf.c.o
 .bss.object.0  0x2000092c       0x18 D:/msys64/mingw64/bin/../lib/gcc/arm-none-eabi/13.3.0/thumb/v8-m.main+fp/softfp/crtbegin.o
 .bss.pools     0x20000944       0x20 CMakeFiles/rpfm_ym2413_test.dir/pico-sdk-2.2.0/src/common/pico_time/time.c.o
 .bss.s_sm      0x20000964        0x4 CMakeFiles/rpfm_ym2413_test.dir/main.c.o
 .bss.sleep_notifier
                0x20000968        0x4 CMakeFiles/rpfm_ym2413_test.dir/pico-sdk-2.2.0/src/common/pico_time/time.c.o
 .bss.uart_char_to_line_feed
                0x2000096c        0x4 CMakeFiles/rpfm_ym2413_test.dir/pico-sdk-2.2.0/src/rp2_common/hardware_uart/uart.c.o
                0x2000096c                uart_char_to_line_feed
 .bss.uart_instance
                0x20000970        0x4 CMakeFiles/rpfm_ym2413_test.dir/pico-sdk-2.2.0/src/rp2_common/pico_stdio_uart/stdio_uart.c.o
 .bss.irq_handler_chain_free_slot_head
                0x20000974        0x1 CMakeFiles/rpfm_ym2413_test.dir/pico-sdk-2.2.0/src/rp2_common/hardware_irq/irq.c.o
 *(COMMON)
                [!provide]                        PROVIDE (__global_pointer$ = (. + 0x800))
 *(.sbss*)
                0x20000978                        . = ALIGN (0x4)
 *fill*         0x20000975        0x3 
                0x20000978                        __bss_end__ = .

.heap           0x20000978      0x800 load address 0x10006668
                0x20000978                        __end__ = .
                0x20000978                        end = __end__
 *(.heap*)
 .heap          0x20000978      0x800 CMakeFiles/rpfm_ym2413_test.dir/pico-sdk-2.2.0/src/rp2_common/pico_crt0/crt0.S.o
                0x20080000                        __HeapLimit = (ORIGIN (RAM) + LENGTH (RAM))

.scratch_x      0x20080000        0x0 load address 0x10006668
                0x20080000                        __scratch_x_start__ = .
 *(.scratch_x.*)
                0x20080000                        . = ALIGN (0x4)
                0x20080000                        __scratch_x_end__ = .
                0x10006668                        __scratch_x_source__ = LOADADDR (.scratch_x)

.scratch_y      0x20081000        0x0 load address 0x10006668
                0x20081000                        __scratch_y_start__ = .
 *(.scratch_y.*)
                0x20081000                        . = ALIGN (0x4)
                0x20081000                        __scratch_y_end__ = .
                0x10006668                        __scratch_y_source__ = LOADADDR (.scratch_y)

.stack1_dummy
 *(.stack1*)

.stack_dummy    0x20081000      0x800
 *(.stack*)
 .stack         0x20081000      0x800 CMakeFiles/rpfm_ym2413_test.dir/pico-sdk-2.2.0/src/rp2_common/pico_crt0/crt0.S.o

.flash_end      0x10006668       0x14
 *(.embedded_end_block*)
 .embedded_end_block
                0x10006668       0x14 CMakeFiles/rpfm_ym2413_test.dir/pico-sdk-2.2.0/src/rp2_common/pico_crt0/crt0.S.o
                0x1000667c                        PROVIDE (__flash_binary_end = .)
                0x20080000                        __StackLimit = (ORIGIN (RAM) + LENGTH (RAM))
                0x20081000                        __StackOneTop = (ORIGIN (SCRATCH_X) + LENGTH (SCRATCH_X))
                0x20082000                        __StackTop = (ORIGIN (SCRATCH_Y) + LENGTH (SCRATCH_Y))
                0x20081000                        __StackOneBottom = (__StackOneTop - SIZEOF (.stack1_dummy))
                0x20081800                        __StackBottom = (__StackTop - SIZEOF (.stack_dummy))
                0x20082000                        PROVIDE (__stack = __StackTop)
                [!provide]                        PROVIDE (__heap_start = __end__)
                [!provide]                        PROVIDE (__heap_end = __HeapLimit)
                [!provide]                        PROVIDE (__tls_align = MAX (ALIGNOF (.tdata), ALIGNOF (.tbss)))
                [!provide]                        PROVIDE (__tls_size_align = (((__tls_size + __tls_align) - 0x1) & ~ ((__tls_align - 0x1))))
                [!provide]                        PROVIDE (__arm32_tls_tcb_offset = MAX (0x8, __tls_align))
                [!provide]                        PROVIDE (_end = __end__)
                [!provide]                        PROVIDE (__llvm_libc_heap_limit = __HeapLimit)
                0x00000001                        ASSERT ((__StackLimit >= __HeapLimit), region RAM overflowed)
                0x00000001                        ASSERT (((__binary_info_header_end - __logical_binary_start) <= 0x400), Binary info must be in first 1024 bytes of the binary)
                0x00000001                        ASSERT (((__embedded_block_end - __logical_binary_start) <= 0x1000), Embedded block must be in first 4096 bytes of the binary)
LOAD CMakeFiles/rpfm_ym2413_test.dir/main.c.o
LOAD CMakeFiles/rpfm_ym2413_test.dir/pico-sdk-2.2.0/src/rp2_common/pico_stdlib/stdlib.c.o
LOAD CMakeFiles/rpfm_ym2413_test.dir/pico-sdk-2.2.0/src/rp2_common/hardware_gpio/gpio.c.o
LOAD CMakeFiles/rpfm_ym2413_test.dir/pico-sdk-2.2.0/src/rp2350/pico_platform/platform.c.o
LOAD CMakeFiles/rpfm_ym2413_test.dir/pico-sdk-2.2.0/src/rp2_common/pico_platform_common/common.c.o
LOAD CMakeFiles/rpfm_ym2413_test.dir/pico-sdk-2.2.0/src/rp2_common/pico_platform_panic/panic.c.o
LOAD CMakeFiles/rpfm_ym2413_test.dir/pico-sdk-2.2.0/src/common/hardware_claim/claim.c.o
LOAD CMakeFiles/rpfm_ym2413_test.dir/pico-sdk-2.2.0/src/rp2_common/hardware_sync/sync.c.o
LOAD CMakeFiles/rpfm_ym2413_test.dir/pico-sdk-2.2.0/src/rp2_common/hardware_sync_spin_lock/sync_spin_lock.c.o
LOAD CMakeFiles/rpfm_ym2413_test.dir/pico-sdk-2.2.0/src/rp2_common/hardware_irq/irq.c.o
LOAD CMakeFiles/rpfm_ym2413_test.dir/pico-sdk-2.2.0/src/rp2_common/hardware_irq/irq_handler_chain.S.o
LOAD CMakeFiles/rpfm_ym2413_test.dir/pico-sdk-2.2.0/src/common/pico_sync/sem.c.o
LOAD CMakeFiles/rpfm_ym2413_test.dir/pico-sdk-2.2.0/src/common/pico_sync/lock_core.c.o
LOAD CMakeFiles/rpfm_ym2413_test.dir/pico-sdk-2.2.0/src/common/pico_sync/mutex.c.o
LOAD CMakeFiles/rpfm_ym2413_test.dir/pico-sdk-2.2.0/src/common/pico_sync/critical_section.c.o
LOAD CMakeFiles/rpfm_ym2413_test.dir/pico-sdk-2.2.0/src/common/pico_time/time.c.o
LOAD CMakeFiles/rpfm_ym2413_test.dir/pico-sdk-2.2.0/src/common/pico_time/timeout_helper.c.o
LOAD CMakeFiles/rpfm_ym2413_test.dir/pico-sdk-2.2.0/src/rp2_common/hardware_timer/timer.c.o
LOAD CMakeFiles/rpfm_ym2413_test.dir/pico-sdk-2.2.0/src/common/pico_util/datetime.c.o
LOAD CMakeFiles/rpfm_ym2413_test.dir/pico-sdk-2.2.0/src/common/pico_util/pheap.c.o
LOAD CMakeFiles/rpfm_ym2413_test.dir/pico-sdk-2.2.0/src/common/pico_util/queue.c.o
LOAD CMakeFiles/rpfm_ym2413_test.dir/pico-sdk-2.2.0/src/rp2_common/hardware_uart/uart.c.o
LOAD CMakeFiles/rpfm_ym2413_test.dir/pico-sdk-2.2.0/src/rp2_common/hardware_clocks/clocks.c.o
LOAD CMakeFiles/rpfm_ym2413_test.dir/pico-sdk-2.2.0/src/rp2_common/hardware_pll/pll.c.o
LOAD CMakeFiles/rpfm_ym2413_test.dir/pico-sdk-2.2.0/src/rp2_common/hardware_vreg/vreg.c.o
LOAD CMakeFiles/rpfm_ym2413_test.dir/pico-sdk-2.2.0/src/rp2_common/hardware_watchdog/watchdog.c.o
LOAD CMakeFiles/rpfm_ym2413_test.dir/pico-sdk-2.2.0/src/rp2_common/hardware_ticks/ticks.c.o
LOAD CMakeFiles/rpfm_ym2413_test.dir/pico-sdk-2.2.0/src/rp2_common/pico_bootrom/bootrom.c.o
LOAD CMakeFiles/rpfm_ym2413_test.dir/pico-sdk-2.2.0/src/rp2_common/pico_bootrom/bootrom_lock.c.o
LOAD CMakeFiles/rpfm_ym2413_test.dir/pico-sdk-2.2.0/src/rp2_common/hardware_boot_lock/boot_lock.c.o
LOAD CMakeFiles/rpfm_ym2413_test.dir/pico-sdk-2.2.0/src/rp2_common/pico_flash/flash.c.o
LOAD CMakeFiles/rpfm_ym2413_test.dir/pico-sdk-2.2.0/src/rp2_common/hardware_xosc/xosc.c.o
LOAD CMakeFiles/rpfm_ym2413_test.dir/pico-sdk-2.2.0/src/rp2_common/hardware_divider/divider.c.o
LOAD CMakeFiles/rpfm_ym2413_test.dir/pico-sdk-2.2.0/src/rp2_common/pico_runtime/runtime.c.o
LOAD CMakeFiles/rpfm_ym2413_test.dir/pico-sdk-2.2.0/src/rp2_common/pico_runtime_init/runtime_init.c.o
LOAD CMakeFiles/rpfm_ym2413_test.dir/pico-sdk-2.2.0/src/rp2_common/pico_runtime_init/runtime_init_clocks.c.o
LOAD CMakeFiles/rpfm_ym2413_test.dir/pico-sdk-2.2.0/src/rp2_common/pico_runtime_init/runtime_init_stack_guard.c.o
LOAD CMakeFiles/rpfm_ym2413_test.dir/pico-sdk-2.2.0/src/rp2_common/pico_bit_ops/bit_ops_aeabi.S.o
LOAD CMakeFiles/rpfm_ym2413_test.dir/pico-sdk-2.2.0/src/rp2_common/pico_divider/divider_compiler.c.o
LOAD CMakeFiles/rpfm_ym2413_test.dir/pico-sdk-2.2.0/src/rp2_common/pico_double/double_math.c.o
LOAD CMakeFiles/rpfm_ym2413_test.dir/pico-sdk-2.2.0/src/rp2_common/pico_double/double_aeabi_dcp.S.o
LOAD CMakeFiles/rpfm_ym2413_test.dir/pico-sdk-2.2.0/src/rp2_common/pico_double/double_fma_dcp.S.o
LOAD CMakeFiles/rpfm_ym2413_test.dir/pico-sdk-2.2.0/src/rp2_common/pico_double/double_sci_m33.S.o
LOAD CMakeFiles/rpfm_ym2413_test.dir/pico-sdk-2.2.0/src/rp2_common/pico_double/double_conv_m33.S.o
LOAD CMakeFiles/rpfm_ym2413_test.dir/pico-sdk-2.2.0/src/rp2_common/pico_float/float_math.c.o
LOAD CMakeFiles/rpfm_ym2413_test.dir/pico-sdk-2.2.0/src/rp2_common/pico_float/float_conv32_vfp.S.o
LOAD CMakeFiles/rpfm_ym2413_test.dir/pico-sdk-2.2.0/src/rp2_common/pico_float/float_common_m33.S.o
LOAD CMakeFiles/rpfm_ym2413_test.dir/pico-sdk-2.2.0/src/rp2_common/pico_float/float_sci_m33_vfp.S.o
LOAD CMakeFiles/rpfm_ym2413_test.dir/pico-sdk-2.2.0/src/rp2_common/pico_malloc/malloc.c.o
LOAD CMakeFiles/rpfm_ym2413_test.dir/pico-sdk-2.2.0/src/rp2_common/pico_atomic/atomic.c.o
LOAD CMakeFiles/rpfm_ym2413_test.dir/pico-sdk-2.2.0/src/rp2_common/pico_cxx_options/new_delete.cpp.o
LOAD CMakeFiles/rpfm_ym2413_test.dir/pico-sdk-2.2.0/src/rp2_common/pico_standard_binary_info/standard_binary_info.c.o
LOAD CMakeFiles/rpfm_ym2413_test.dir/pico-sdk-2.2.0/src/rp2_common/pico_printf/printf.c.o
LOAD CMakeFiles/rpfm_ym2413_test.dir/pico-sdk-2.2.0/src/rp2_common/pico_crt0/crt0.S.o
LOAD CMakeFiles/rpfm_ym2413_test.dir/pico-sdk-2.2.0/src/rp2_common/pico_clib_interface/newlib_interface.c.o
LOAD CMakeFiles/rpfm_ym2413_test.dir/pico-sdk-2.2.0/src/rp2_common/pico_stdio/stdio.c.o
LOAD CMakeFiles/rpfm_ym2413_test.dir/pico-sdk-2.2.0/src/rp2_common/pico_stdio_uart/stdio_uart.c.o
LOAD CMakeFiles/rpfm_ym2413_test.dir/pico-sdk-2.2.0/src/rp2_common/hardware_pio/pio.c.o
LOAD pico-sdk/src/rp2350/boot_stage2/CMakeFiles/bs2_default_library.dir/bs2_default_padded_checksummed.S.o
LOAD D:/msys64/mingw64/bin/../lib/gcc/arm-none-eabi/13.3.0/../../../../arm-none-eabi/lib/thumb/v8-m.main+fp/softfp\libstdc++.a
LOAD D:/msys64/mingw64/bin/../lib/gcc/arm-none-eabi/13.3.0/../../../../arm-none-eabi/lib/thumb/v8-m.main+fp/softfp\libm.a
START GROUP
LOAD D:/msys64/mingw64/bin/../lib/gcc/arm-none-eabi/13.3.0/thumb/v8-m.main+fp/softfp\libgcc.a
LOAD D:/msys64/mingw64/bin/../lib/gcc/arm-none-eabi/13.3.0/../../../../arm-none-eabi/lib/thumb/v8-m.main+fp/softfp\libg.a
LOAD D:/msys64/mingw64/bin/../lib/gcc/arm-none-eabi/13.3.0/../../../../arm-none-eabi/lib/thumb/v8-m.main+fp/softfp\libc.a
END GROUP
START GROUP
LOAD D:/msys64/mingw64/bin/../lib/gcc/arm-none-eabi/13.3.0/thumb/v8-m.main+fp/softfp\libgcc.a
LOAD D:/msys64/mingw64/bin/../lib/gcc/arm-none-eabi/13.3.0/../../../../arm-none-eabi/lib/thumb/v8-m.main+fp/softfp\libc.a
LOAD D:/msys64/mingw64/bin/../lib/gcc/arm-none-eabi/13.3.0/../../../../arm-none-eabi/lib/thumb/v8-m.main+fp/softfp\libnosys.a
END GROUP
LOAD D:/msys64/mingw64/bin/../lib/gcc/arm-none-eabi/13.3.0/thumb/v8-m.main+fp/softfp/crtend.o
LOAD D:/msys64/mingw64/bin/../lib/gcc/arm-none-eabi/13.3.0/thumb/v8-m.main+fp/softfp/crtn.o
OUTPUT(rpfm_ym2413_test.elf elf32-littlearm)
LOAD linker stubs

.rel.dyn        0x1000667c        0x0
 .rel.iplt      0x1000667c        0x0 D:/msys64/mingw64/bin/../lib/gcc/arm-none-eabi/13.3.0/thumb/v8-m.main+fp/softfp/crtbegin.o

.ARM.attributes
                0x00000000       0x34
 .ARM.attributes
                0x00000000       0x26 D:/msys64/mingw64/bin/../lib/gcc/arm-none-eabi/13.3.0/thumb/v8-m.main+fp/softfp/crti.o
 .ARM.attributes
                0x00000026       0x36 D:/msys64/mingw64/bin/../lib/gcc/arm-none-eabi/13.3.0/thumb/v8-m.main+fp/softfp/crtbegin.o
 .ARM.attributes
                0x0000005c       0x38 CMakeFiles/rpfm_ym2413_test.dir/main.c.o
 .ARM.attributes
                0x00000094       0x38 CMakeFiles/rpfm_ym2413_test.dir/pico-sdk-2.2.0/src/rp2_common/hardware_gpio/gpio.c.o
 .ARM.attributes
                0x000000cc       0x38 CMakeFiles/rpfm_ym2413_test.dir/pico-sdk-2.2.0/src/rp2_common/pico_platform_panic/panic.c.o
 .ARM.attributes
                0x00000104       0x38 CMakeFiles/rpfm_ym2413_test.dir/pico-sdk-2.2.0/src/common/hardware_claim/claim.c.o
 .ARM.attributes
                0x0000013c       0x38 CMakeFiles/rpfm_ym2413_test.dir/pico-sdk-2.2.0/src/rp2_common/hardware_sync/sync.c.o
 .ARM.attributes
                0x00000174       0x38 CMakeFiles/rpfm_ym2413_test.dir/pico-sdk-2.2.0/src/rp2_common/hardware_sync_spin_lock/sync_spin_lock.c.o
 .ARM.attributes
                0x000001ac       0x38 CMakeFiles/rpfm_ym2413_test.dir/pico-sdk-2.2.0/src/rp2_common/hardware_irq/irq.c.o
 .ARM.attributes
                0x000001e4       0x28 CMakeFiles/rpfm_ym2413_test.dir/pico-sdk-2.2.0/src/rp2_common/hardware_irq/irq_handler_chain.S.o
 .ARM.attributes
                0x0000020c       0x38 CMakeFiles/rpfm_ym2413_test.dir/pico-sdk-2.2.0/src/common/pico_sync/lock_core.c.o
 .ARM.attributes
                0x00000244       0x38 CMakeFiles/rpfm_ym2413_test.dir/pico-sdk-2.2.0/src/common/pico_sync/mutex.c.o
 .ARM.attributes
                0x0000027c       0x38 CMakeFiles/rpfm_ym2413_test.dir/pico-sdk-2.2.0/src/common/pico_time/time.c.o
 .ARM.attributes
                0x000002b4       0x38 CMakeFiles/rpfm_ym2413_test.dir/pico-sdk-2.2.0/src/rp2_common/hardware_timer/timer.c.o
 .ARM.attributes
                0x000002ec       0x38 CMakeFiles/rpfm_ym2413_test.dir/pico-sdk-2.2.0/src/rp2_common/hardware_uart/uart.c.o
 .ARM.attributes
                0x00000324       0x38 CMakeFiles/rpfm_ym2413_test.dir/pico-sdk-2.2.0/src/rp2_common/hardware_clocks/clocks.c.o
 .ARM.attributes
                0x0000035c       0x38 CMakeFiles/rpfm_ym2413_test.dir/pico-sdk-2.2.0/src/rp2_common/hardware_pll/pll.c.o
 .ARM.attributes
                0x00000394       0x38 CMakeFiles/rpfm_ym2413_test.dir/pico-sdk-2.2.0/src/rp2_common/hardware_ticks/ticks.c.o
 .ARM.attributes
                0x000003cc       0x38 CMakeFiles/rpfm_ym2413_test.dir/pico-sdk-2.2.0/src/rp2_common/pico_bootrom/bootrom.c.o
 .ARM.attributes
                0x00000404       0x38 CMakeFiles/rpfm_ym2413_test.dir/pico-sdk-2.2.0/src/rp2_common/pico_bootrom/bootrom_lock.c.o
 .ARM.attributes
                0x0000043c       0x38 CMakeFiles/rpfm_ym2413_test.dir/pico-sdk-2.2.0/src/rp2_common/hardware_boot_lock/boot_lock.c.o
 .ARM.attributes
                0x00000474       0x38 CMakeFiles/rpfm_ym2413_test.dir/pico-sdk-2.2.0/src/rp2_common/hardware_xosc/xosc.c.o
 .ARM.attributes
                0x000004ac       0x38 CMakeFiles/rpfm_ym2413_test.dir/pico-sdk-2.2.0/src/rp2_common/pico_runtime/runtime.c.o
 .ARM.attributes
                0x000004e4       0x38 CMakeFiles/rpfm_ym2413_test.dir/pico-sdk-2.2.0/src/rp2_common/pico_runtime_init/runtime_init.c.o
 .ARM.attributes
                0x0000051c       0x38 CMakeFiles/rpfm_ym2413_test.dir/pico-sdk-2.2.0/src/rp2_common/pico_runtime_init/runtime_init_clocks.c.o
 .ARM.attributes
                0x00000554       0x38 CMakeFiles/rpfm_ym2413_test.dir/pico-sdk-2.2.0/src/rp2_common/pico_double/double_math.c.o
 .ARM.attributes
                0x0000058c       0x28 CMakeFiles/rpfm_ym2413_test.dir/pico-sdk-2.2.0/src/rp2_common/pico_double/double_aeabi_dcp.S.o
 .ARM.attributes
                0x000005b4       0x28 CMakeFiles/rpfm_ym2413_test.dir/pico-sdk-2.2.0/src/rp2_common/pico_double/double_sci_m33.S.o
 .ARM.attributes
                0x000005dc       0x38 CMakeFiles/rpfm_ym2413_test.dir/pico-sdk-2.2.0/src/rp2_common/pico_standard_binary_info/standard_binary_info.c.o
 .ARM.attributes
                0x00000614       0x38 CMakeFiles/rpfm_ym2413_test.dir/pico-sdk-2.2.0/src/rp2_common/pico_printf/printf.c.o
 .ARM.attributes
                0x0000064c       0x28 CMakeFiles/rpfm_ym2413_test.dir/pico-sdk-2.2.0/src/rp2_common/pico_crt0/crt0.S.o
 .ARM.attributes
                0x00000674       0x38 CMakeFiles/rpfm_ym2413_test.dir/pico-sdk-2.2.0/src/rp2_common/pico_clib_interface/newlib_interface.c.o
 .ARM.attributes
                0x000006ac       0x38 CMakeFiles/rpfm_ym2413_test.dir/pico-sdk-2.2.0/src/rp2_common/pico_stdio/stdio.c.o
 .ARM.attributes
                0x000006e4       0x38 CMakeFiles/rpfm_ym2413_test.dir/pico-sdk-2.2.0/src/rp2_common/pico_stdio_uart/stdio_uart.c.o
 .ARM.attributes
                0x0000071c       0x38 CMakeFiles/rpfm_ym2413_test.dir/pico-sdk-2.2.0/src/rp2_common/hardware_pio/pio.c.o
 .ARM.attributes
                0x00000754       0x26 D:/msys64/mingw64/bin/../lib/gcc/arm-none-eabi/13.3.0/thumb/v8-m.main+fp/softfp\libgcc.a(_aeabi_uldivmod.o)
 .ARM.attributes
                0x0000077a       0x36 D:/msys64/mingw64/bin/../lib/gcc/arm-none-eabi/13.3.0/thumb/v8-m.main+fp/softfp\libgcc.a(_udivmoddi4.o)
 .ARM.attributes
                0x000007b0       0x26 D:/msys64/mingw64/bin/../lib/gcc/arm-none-eabi/13.3.0/thumb/v8-m.main+fp/softfp\libgcc.a(_dvmd_tls.o)
 .ARM.attributes
                0x000007d6       0x36 D:/msys64/mingw64/bin/../lib/gcc/arm-none-eabi/13.3.0/../../../../arm-none-eabi/lib/thumb/v8-m.main+fp/softfp\libg.a(libc_a-atexit.o)
 .ARM.attributes
                0x0000080c       0x36 D:/msys64/mingw64/bin/../lib/gcc/arm-none-eabi/13.3.0/../../../../arm-none-eabi/lib/thumb/v8-m.main+fp/softfp\libg.a(libc_a-fini.o)
 .ARM.attributes
                0x00000842       0x36 D:/msys64/mingw64/bin/../lib/gcc/arm-none-eabi/13.3.0/../../../../arm-none-eabi/lib/thumb/v8-m.main+fp/softfp\libg.a(libc_a-lock.o)
 .ARM.attributes
                0x00000878       0x24 D:/msys64/mingw64/bin/../lib/gcc/arm-none-eabi/13.3.0/../../../../arm-none-eabi/lib/thumb/v8-m.main+fp/softfp\libg.a(libc_a-memcpy.o)
 .ARM.attributes
                0x0000089c       0x36 D:/msys64/mingw64/bin/../lib/gcc/arm-none-eabi/13.3.0/../../../../arm-none-eabi/lib/thumb/v8-m.main+fp/softfp\libg.a(libc_a-strlen-stub.o)
 .ARM.attributes
                0x000008d2       0x36 D:/msys64/mingw64/bin/../lib/gcc/arm-none-eabi/13.3.0/../../../../arm-none-eabi/lib/thumb/v8-m.main+fp/softfp\libg.a(libc_a-__atexit.o)
 .ARM.attributes
                0x00000908       0x36 D:/msys64/mingw64/bin/../lib/gcc/arm-none-eabi/13.3.0/../../../../arm-none-eabi/lib/thumb/v8-m.main+fp/softfp\libg.a(libc_a-__call_atexit.o)

.comment        0x00000000       0x12
 .comment       0x00000000       0x12 CMakeFiles/rpfm_ym2413_test.dir/main.c.o
                                 0x13 (size before relaxing)
 .comment       0x00000012        0x0 CMakeFiles/rpfm_ym2413_test.dir/pico-sdk-2.2.0/src/rp2_common/hardware_gpio/gpio.c.o
                                 0x13 (size before relaxing)
 .comment       0x00000012        0x0 CMakeFiles/rpfm_ym2413_test.dir/pico-sdk-2.2.0/src/rp2_common/pico_platform_panic/panic.c.o
                                 0x13 (size before relaxing)
 .comment       0x00000012        0x0 CMakeFiles/rpfm_ym2413_test.dir/pico-sdk-2.2.0/src/common/hardware_claim/claim.c.o
                                 0x13 (size before relaxing)
 .comment       0x00000012        0x0 CMakeFiles/rpfm_ym2413_test.dir/pico-sdk-2.2.0/src/rp2_common/hardware_sync/sync.c.o
                                 0x13 (size before relaxing)
 .comment       0x00000012        0x0 CMakeFiles/rpfm_ym2413_test.dir/pico-sdk-2.2.0/src/rp2_common/hardware_sync_spin_lock/sync_spin_lock.c.o
                                 0x13 (size before relaxing)
 .comment       0x00000012        0x0 CMakeFiles/rpfm_ym2413_test.dir/pico-sdk-2.2.0/src/rp2_common/hardware_irq/irq.c.o
                                 0x13 (size before relaxing)
 .comment       0x00000012        0x0 CMakeFiles/rpfm_ym2413_test.dir/pico-sdk-2.2.0/src/common/pico_sync/lock_core.c.o
                                 0x13 (size before relaxing)
 .comment       0x00000012        0x0 CMakeFiles/rpfm_ym2413_test.dir/pico-sdk-2.2.0/src/common/pico_sync/mutex.c.o
                                 0x13 (size before relaxing)
 .comment       0x00000012        0x0 CMakeFiles/rpfm_ym2413_test.dir/pico-sdk-2.2.0/src/common/pico_time/time.c.o
                                 0x13 (size before relaxing)
 .comment       0x00000012        0x0 CMakeFiles/rpfm_ym2413_test.dir/pico-sdk-2.2.0/src/rp2_common/hardware_timer/timer.c.o
                                 0x13 (size before relaxing)
 .comment       0x00000012        0x0 CMakeFiles/rpfm_ym2413_test.dir/pico-sdk-2.2.0/src/rp2_common/hardware_uart/uart.c.o
                                 0x13 (size before relaxing)
 .comment       0x00000012        0x0 CMakeFiles/rpfm_ym2413_test.dir/pico-sdk-2.2.0/src/rp2_common/hardware_clocks/clocks.c.o
                                 0x13 (size before relaxing)
 .comment       0x00000012        0x0 CMakeFiles/rpfm_ym2413_test.dir/pico-sdk-2.2.0/src/rp2_common/hardware_pll/pll.c.o
                                 0x13 (size before relaxing)
 .comment       0x00000012        0x0 CMakeFiles/rpfm_ym2413_test.dir/pico-sdk-2.2.0/src/rp2_common/hardware_ticks/ticks.c.o
                                 0x13 (size before relaxing)
 .comment       0x00000012        0x0 CMakeFiles/rpfm_ym2413_test.dir/pico-sdk-2.2.0/src/rp2_common/pico_bootrom/bootrom.c.o
                                 0x13 (size before relaxing)
 .comment       0x00000012        0x0 CMakeFiles/rpfm_ym2413_test.dir/pico-sdk-2.2.0/src/rp2_common/pico_bootrom/bootrom_lock.c.o
                                 0x13 (size before relaxing)
 .comment       0x00000012        0x0 CMakeFiles/rpfm_ym2413_test.dir/pico-sdk-2.2.0/src/rp2_common/hardware_boot_lock/boot_lock.c.o
                                 0x13 (size before relaxing)
 .comment       0x00000012        0x0 CMakeFiles/rpfm_ym2413_test.dir/pico-sdk-2.2.0/src/rp2_common/hardware_xosc/xosc.c.o
                                 0x13 (size before relaxing)
 .comment       0x00000012        0x0 CMakeFiles/rpfm_ym2413_test.dir/pico-sdk-2.2.0/src/rp2_common/pico_runtime/runtime.c.o
                                 0x13 (size before relaxing)
 .comment       0x00000012        0x0 CMakeFiles/rpfm_ym2413_test.dir/pico-sdk-2.2.0/src/rp2_common/pico_runtime_init/runtime_init.c.o
                                 0x13 (size before relaxing)
 .comment       0x00000012        0x0 CMakeFiles/rpfm_ym2413_test.dir/pico-sdk-2.2.0/src/rp2_common/pico_runtime_init/runtime_init_clocks.c.o
                                 0x13 (size before relaxing)
 .comment       0x00000012        0x0 CMakeFiles/rpfm_ym2413_test.dir/pico-sdk-2.2.0/src/rp2_common/pico_double/double_math.c.o
                                 0x13 (size before relaxing)
 .comment       0x00000012        0x0 CMakeFiles/rpfm_ym2413_test.dir/pico-sdk-2.2.0/src/rp2_common/pico_standard_binary_info/standard_binary_info.c.o
                                 0x13 (size before relaxing)
 .comment       0x00000012        0x0 CMakeFiles/rpfm_ym2413_test.dir/pico-sdk-2.2.0/src/rp2_common/pico_printf/printf.c.o
                                 0x13 (size before relaxing)
 .comment       0x00000012        0x0 CMakeFiles/rpfm_ym2413_test.dir/pico-sdk-2.2.0/src/rp2_common/pico_clib_interface/newlib_interface.c.o
                                 0x13 (size before relaxing)
 .comment       0x00000012        0x0 CMakeFiles/rpfm_ym2413_test.dir/pico-sdk-2.2.0/src/rp2_common/pico_stdio/stdio.c.o
                                 0x13 (size before relaxing)
 .comment       0x00000012        0x0 CMakeFiles/rpfm_ym2413_test.dir/pico-sdk-2.2.0/src/rp2_common/pico_stdio_uart/stdio_uart.c.o
                                 0x13 (size before relaxing)
 .comment       0x00000012        0x0 CMakeFiles/rpfm_ym2413_test.dir/pico-sdk-2.2.0/src/rp2_common/hardware_pio/pio.c.o
                                 0x13 (size before relaxing)
 .comment       0x00000012        0x0 D:/msys64/mingw64/bin/../lib/gcc/arm-none-eabi/13.3.0/thumb/v8-m.main+fp/softfp\libgcc.a(_udivmoddi4.o)
                                 0x13 (size before relaxing)
 .comment       0x00000012        0x0 D:/msys64/mingw64/bin/../lib/gcc/arm-none-eabi/13.3.0/../../../../arm-none-eabi/lib/thumb/v8-m.main+fp/softfp\libg.a(libc_a-atexit.o)
                                 0x13 (size before relaxing)
 .comment       0x00000012        0x0 D:/msys64/mingw64/bin/../lib/gcc/arm-none-eabi/13.3.0/../../../../arm-none-eabi/lib/thumb/v8-m.main+fp/softfp\libg.a(libc_a-fini.o)
                                 0x13 (size before relaxing)
 .comment       0x00000012        0x0 D:/msys64/mingw64/bin/../lib/gcc/arm-none-eabi/13.3.0/../../../../arm-none-eabi/lib/thumb/v8-m.main+fp/softfp\libg.a(libc_a-lock.o)
                                 0x13 (size before relaxing)
 .comment       0x00000012        0x0 D:/msys64/mingw64/bin/../lib/gcc/arm-none-eabi/13.3.0/../../../../arm-none-eabi/lib/thumb/v8-m.main+fp/softfp\libg.a(libc_a-strlen-stub.o)
                                 0x13 (size before relaxing)
 .comment       0x00000012        0x0 D:/msys64/mingw64/bin/../lib/gcc/arm-none-eabi/13.3.0/../../../../arm-none-eabi/lib/thumb/v8-m.main+fp/softfp\libg.a(libc_a-__atexit.o)
                                 0x13 (size before relaxing)
 .comment       0x00000012        0x0 D:/msys64/mingw64/bin/../lib/gcc/arm-none-eabi/13.3.0/../../../../arm-none-eabi/lib/thumb/v8-m.main+fp/softfp\libg.a(libc_a-__call_atexit.o)
                                 0x13 (size before relaxing)

.debug_info     0x00000000    0x308b0
 .debug_info    0x00000000     0x89c1 CMakeFiles/rpfm_ym2413_test.dir/main.c.o
 .debug_info    0x000089c1     0x23e5 CMakeFiles/rpfm_ym2413_test.dir/pico-sdk-2.2.0/src/rp2_common/hardware_gpio/gpio.c.o
 .debug_info    0x0000ada6      0x1be CMakeFiles/rpfm_ym2413_test.dir/pico-sdk-2.2.0/src/rp2_common/pico_platform_panic/panic.c.o
 .debug_info    0x0000af64      0xb7c CMakeFiles/rpfm_ym2413_test.dir/pico-sdk-2.2.0/src/common/hardware_claim/claim.c.o
 .debug_info    0x0000bae0      0x465 CMakeFiles/rpfm_ym2413_test.dir/pico-sdk-2.2.0/src/rp2_common/hardware_sync/sync.c.o
 .debug_info    0x0000bf45     0x145e CMakeFiles/rpfm_ym2413_test.dir/pico-sdk-2.2.0/src/rp2_common/hardware_sync_spin_lock/sync_spin_lock.c.o
 .debug_info    0x0000d3a3     0x262b CMakeFiles/rpfm_ym2413_test.dir/pico-sdk-2.2.0/src/rp2_common/hardware_irq/irq.c.o
 .debug_info    0x0000f9ce      0x187 CMakeFiles/rpfm_ym2413_test.dir/pico-sdk-2.2.0/src/common/pico_sync/lock_core.c.o
 .debug_info    0x0000fb55     0x1e6f CMakeFiles/rpfm_ym2413_test.dir/pico-sdk-2.2.0/src/common/pico_sync/mutex.c.o
 .debug_info    0x000119c4     0x4c64 CMakeFiles/rpfm_ym2413_test.dir/pico-sdk-2.2.0/src/common/pico_time/time.c.o
 .debug_info    0x00016628     0x30be CMakeFiles/rpfm_ym2413_test.dir/pico-sdk-2.2.0/src/rp2_common/hardware_timer/timer.c.o
 .debug_info    0x000196e6     0x19a6 CMakeFiles/rpfm_ym2413_test.dir/pico-sdk-2.2.0/src/rp2_common/hardware_uart/uart.c.o
 .debug_info    0x0001b08c     0x28cd CMakeFiles/rpfm_ym2413_test.dir/pico-sdk-2.2.0/src/rp2_common/hardware_clocks/clocks.c.o
 .debug_info    0x0001d959      0x507 CMakeFiles/rpfm_ym2413_test.dir/pico-sdk-2.2.0/src/rp2_common/hardware_pll/pll.c.o
 .debug_info    0x0001de60      0x26c CMakeFiles/rpfm_ym2413_test.dir/pico-sdk-2.2.0/src/rp2_common/hardware_ticks/ticks.c.o
 .debug_info    0x0001e0cc     0x10b3 CMakeFiles/rpfm_ym2413_test.dir/pico-sdk-2.2.0/src/rp2_common/pico_bootrom/bootrom.c.o
 .debug_info    0x0001f17f      0x1c4 CMakeFiles/rpfm_ym2413_test.dir/pico-sdk-2.2.0/src/rp2_common/pico_bootrom/bootrom_lock.c.o
 .debug_info    0x0001f343      0x316 CMakeFiles/rpfm_ym2413_test.dir/pico-sdk-2.2.0/src/rp2_common/hardware_boot_lock/boot_lock.c.o
 .debug_info    0x0001f659      0x1b1 CMakeFiles/rpfm_ym2413_test.dir/pico-sdk-2.2.0/src/rp2_common/hardware_xosc/xosc.c.o
 .debug_info    0x0001f80a      0x21a CMakeFiles/rpfm_ym2413_test.dir/pico-sdk-2.2.0/src/rp2_common/pico_runtime/runtime.c.o
 .debug_info    0x0001fa24     0x1c34 CMakeFiles/rpfm_ym2413_test.dir/pico-sdk-2.2.0/src/rp2_common/pico_runtime_init/runtime_init.c.o
 .debug_info    0x00021658      0x7c8 CMakeFiles/rpfm_ym2413_test.dir/pico-sdk-2.2.0/src/rp2_common/pico_runtime_init/runtime_init_clocks.c.o
 .debug_info    0x00021e20     0x3d67 CMakeFiles/rpfm_ym2413_test.dir/pico-sdk-2.2.0/src/rp2_common/pico_double/double_math.c.o
 .debug_info    0x00025b87       0x23 CMakeFiles/rpfm_ym2413_test.dir/pico-sdk-2.2.0/src/rp2_common/pico_double/double_aeabi_dcp.S.o
 .debug_info    0x00025baa       0x23 CMakeFiles/rpfm_ym2413_test.dir/pico-sdk-2.2.0/src/rp2_common/pico_double/double_sci_m33.S.o
 .debug_info    0x00025bcd      0x2b8 CMakeFiles/rpfm_ym2413_test.dir/pico-sdk-2.2.0/src/rp2_common/pico_standard_binary_info/standard_binary_info.c.o
 .debug_info    0x00025e85     0x208d CMakeFiles/rpfm_ym2413_test.dir/pico-sdk-2.2.0/src/rp2_common/pico_printf/printf.c.o
 .debug_info    0x00027f12       0x23 CMakeFiles/rpfm_ym2413_test.dir/pico-sdk-2.2.0/src/rp2_common/pico_crt0/crt0.S.o
 .debug_info    0x00027f35      0xc25 CMakeFiles/rpfm_ym2413_test.dir/pico-sdk-2.2.0/src/rp2_common/pico_clib_interface/newlib_interface.c.o
 .debug_info    0x00028b5a     0x1d83 CMakeFiles/rpfm_ym2413_test.dir/pico-sdk-2.2.0/src/rp2_common/pico_stdio/stdio.c.o
 .debug_info    0x0002a8dd     0x1903 CMakeFiles/rpfm_ym2413_test.dir/pico-sdk-2.2.0/src/rp2_common/pico_stdio_uart/stdio_uart.c.o
 .debug_info    0x0002c1e0     0x3514 CMakeFiles/rpfm_ym2413_test.dir/pico-sdk-2.2.0/src/rp2_common/hardware_pio/pio.c.o
 .debug_info    0x0002f6f4       0x24 D:/msys64/mingw64/bin/../lib/gcc/arm-none-eabi/13.3.0/thumb/v8-m.main+fp/softfp\libgcc.a(_aeabi_uldivmod.o)
 .debug_info    0x0002f718      0x703 D:/msys64/mingw64/bin/../lib/gcc/arm-none-eabi/13.3.0/thumb/v8-m.main+fp/softfp\libgcc.a(_udivmoddi4.o)
 .debug_info    0x0002fe1b       0x3c D:/msys64/mingw64/bin/../lib/gcc/arm-none-eabi/13.3.0/thumb/v8-m.main+fp/softfp\libgcc.a(_dvmd_tls.o)
 .debug_info    0x0002fe57      0x11e D:/msys64/mingw64/bin/../lib/gcc/arm-none-eabi/13.3.0/../../../../arm-none-eabi/lib/thumb/v8-m.main+fp/softfp\libg.a(libc_a-atexit.o)
 .debug_info    0x0002ff75       0xf7 D:/msys64/mingw64/bin/../lib/gcc/arm-none-eabi/13.3.0/../../../../arm-none-eabi/lib/thumb/v8-m.main+fp/softfp\libg.a(libc_a-fini.o)
 .debug_info    0x0003006c      0x218 D:/msys64/mingw64/bin/../lib/gcc/arm-none-eabi/13.3.0/../../../../arm-none-eabi/lib/thumb/v8-m.main+fp/softfp\libg.a(libc_a-lock.o)
 .debug_info    0x00030284       0x33 D:/msys64/mingw64/bin/../lib/gcc/arm-none-eabi/13.3.0/../../../../arm-none-eabi/lib/thumb/v8-m.main+fp/softfp\libg.a(libc_a-memcpy.o)
 .debug_info    0x000302b7       0xbd D:/msys64/mingw64/bin/../lib/gcc/arm-none-eabi/13.3.0/../../../../arm-none-eabi/lib/thumb/v8-m.main+fp/softfp\libg.a(libc_a-strlen-stub.o)
 .debug_info    0x00030374      0x25f D:/msys64/mingw64/bin/../lib/gcc/arm-none-eabi/13.3.0/../../../../arm-none-eabi/lib/thumb/v8-m.main+fp/softfp\libg.a(libc_a-__atexit.o)
 .debug_info    0x000305d3      0x2dd D:/msys64/mingw64/bin/../lib/gcc/arm-none-eabi/13.3.0/../../../../arm-none-eabi/lib/thumb/v8-m.main+fp/softfp\libg.a(libc_a-__call_atexit.o)

.debug_abbrev   0x00000000     0x6adc
 .debug_abbrev  0x00000000      0x531 CMakeFiles/rpfm_ym2413_test.dir/main.c.o
 .debug_abbrev  0x00000531      0x535 CMakeFiles/rpfm_ym2413_test.dir/pico-sdk-2.2.0/src/rp2_common/hardware_gpio/gpio.c.o
 .debug_abbrev  0x00000a66      0x12b CMakeFiles/rpfm_ym2413_test.dir/pico-sdk-2.2.0/src/rp2_common/pico_platform_panic/panic.c.o
 .debug_abbrev  0x00000b91      0x35c CMakeFiles/rpfm_ym2413_test.dir/pico-sdk-2.2.0/src/common/hardware_claim/claim.c.o
 .debug_abbrev  0x00000eed      0x22d CMakeFiles/rpfm_ym2413_test.dir/pico-sdk-2.2.0/src/rp2_common/hardware_sync/sync.c.o
 .debug_abbrev  0x0000111a      0x26e CMakeFiles/rpfm_ym2413_test.dir/pico-sdk-2.2.0/src/rp2_common/hardware_sync_spin_lock/sync_spin_lock.c.o
 .debug_abbrev  0x00001388      0x628 CMakeFiles/rpfm_ym2413_test.dir/pico-sdk-2.2.0/src/rp2_common/hardware_irq/irq.c.o
 .debug_abbrev  0x000019b0      0x11e CMakeFiles/rpfm_ym2413_test.dir/pico-sdk-2.2.0/src/common/pico_sync/lock_core.c.o
 .debug_abbrev  0x00001ace      0x49b CMakeFiles/rpfm_ym2413_test.dir/pico-sdk-2.2.0/src/common/pico_sync/mutex.c.o
 .debug_abbrev  0x00001f69      0x65c CMakeFiles/rpfm_ym2413_test.dir/pico-sdk-2.2.0/src/common/pico_time/time.c.o
 .debug_abbrev  0x000025c5      0x4f9 CMakeFiles/rpfm_ym2413_test.dir/pico-sdk-2.2.0/src/rp2_common/hardware_timer/timer.c.o
 .debug_abbrev  0x00002abe      0x367 CMakeFiles/rpfm_ym2413_test.dir/pico-sdk-2.2.0/src/rp2_common/hardware_uart/uart.c.o
 .debug_abbrev  0x00002e25      0x4fc CMakeFiles/rpfm_ym2413_test.dir/pico-sdk-2.2.0/src/rp2_common/hardware_clocks/clocks.c.o
 .debug_abbrev  0x00003321      0x1a8 CMakeFiles/rpfm_ym2413_test.dir/pico-sdk-2.2.0/src/rp2_common/hardware_pll/pll.c.o
 .debug_abbrev  0x000034c9      0x146 CMakeFiles/rpfm_ym2413_test.dir/pico-sdk-2.2.0/src/rp2_common/hardware_ticks/ticks.c.o
 .debug_abbrev  0x0000360f      0x456 CMakeFiles/rpfm_ym2413_test.dir/pico-sdk-2.2.0/src/rp2_common/pico_bootrom/bootrom.c.o
 .debug_abbrev  0x00003a65       0xfb CMakeFiles/rpfm_ym2413_test.dir/pico-sdk-2.2.0/src/rp2_common/pico_bootrom/bootrom_lock.c.o
 .debug_abbrev  0x00003b60      0x1de CMakeFiles/rpfm_ym2413_test.dir/pico-sdk-2.2.0/src/rp2_common/hardware_boot_lock/boot_lock.c.o
 .debug_abbrev  0x00003d3e      0x109 CMakeFiles/rpfm_ym2413_test.dir/pico-sdk-2.2.0/src/rp2_common/hardware_xosc/xosc.c.o
 .debug_abbrev  0x00003e47      0x182 CMakeFiles/rpfm_ym2413_test.dir/pico-sdk-2.2.0/src/rp2_common/pico_runtime/runtime.c.o
 .debug_abbrev  0x00003fc9      0x310 CMakeFiles/rpfm_ym2413_test.dir/pico-sdk-2.2.0/src/rp2_common/pico_runtime_init/runtime_init.c.o
 .debug_abbrev  0x000042d9      0x29d CMakeFiles/rpfm_ym2413_test.dir/pico-sdk-2.2.0/src/rp2_common/pico_runtime_init/runtime_init_clocks.c.o
 .debug_abbrev  0x00004576      0x33e CMakeFiles/rpfm_ym2413_test.dir/pico-sdk-2.2.0/src/rp2_common/pico_double/double_math.c.o
 .debug_abbrev  0x000048b4       0x12 CMakeFiles/rpfm_ym2413_test.dir/pico-sdk-2.2.0/src/rp2_common/pico_double/double_aeabi_dcp.S.o
 .debug_abbrev  0x000048c6       0x12 CMakeFiles/rpfm_ym2413_test.dir/pico-sdk-2.2.0/src/rp2_common/pico_double/double_sci_m33.S.o
 .debug_abbrev  0x000048d8       0xb8 CMakeFiles/rpfm_ym2413_test.dir/pico-sdk-2.2.0/src/rp2_common/pico_standard_binary_info/standard_binary_info.c.o
 .debug_abbrev  0x00004990      0x540 CMakeFiles/rpfm_ym2413_test.dir/pico-sdk-2.2.0/src/rp2_common/pico_printf/printf.c.o
 .debug_abbrev  0x00004ed0       0x12 CMakeFiles/rpfm_ym2413_test.dir/pico-sdk-2.2.0/src/rp2_common/pico_crt0/crt0.S.o
 .debug_abbrev  0x00004ee2      0x375 CMakeFiles/rpfm_ym2413_test.dir/pico-sdk-2.2.0/src/rp2_common/pico_clib_interface/newlib_interface.c.o
 .debug_abbrev  0x00005257      0x602 CMakeFiles/rpfm_ym2413_test.dir/pico-sdk-2.2.0/src/rp2_common/pico_stdio/stdio.c.o
 .debug_abbrev  0x00005859      0x493 CMakeFiles/rpfm_ym2413_test.dir/pico-sdk-2.2.0/src/rp2_common/pico_stdio_uart/stdio_uart.c.o
 .debug_abbrev  0x00005cec      0x575 CMakeFiles/rpfm_ym2413_test.dir/pico-sdk-2.2.0/src/rp2_common/hardware_pio/pio.c.o
 .debug_abbrev  0x00006261       0x14 D:/msys64/mingw64/bin/../lib/gcc/arm-none-eabi/13.3.0/thumb/v8-m.main+fp/softfp\libgcc.a(_aeabi_uldivmod.o)
 .debug_abbrev  0x00006275      0x16a D:/msys64/mingw64/bin/../lib/gcc/arm-none-eabi/13.3.0/thumb/v8-m.main+fp/softfp\libgcc.a(_udivmoddi4.o)
 .debug_abbrev  0x000063df       0x26 D:/msys64/mingw64/bin/../lib/gcc/arm-none-eabi/13.3.0/thumb/v8-m.main+fp/softfp\libgcc.a(_dvmd_tls.o)
 .debug_abbrev  0x00006405       0xc1 D:/msys64/mingw64/bin/../lib/gcc/arm-none-eabi/13.3.0/../../../../arm-none-eabi/lib/thumb/v8-m.main+fp/softfp\libg.a(libc_a-atexit.o)
 .debug_abbrev  0x000064c6       0xcc D:/msys64/mingw64/bin/../lib/gcc/arm-none-eabi/13.3.0/../../../../arm-none-eabi/lib/thumb/v8-m.main+fp/softfp\libg.a(libc_a-fini.o)
 .debug_abbrev  0x00006592      0x115 D:/msys64/mingw64/bin/../lib/gcc/arm-none-eabi/13.3.0/../../../../arm-none-eabi/lib/thumb/v8-m.main+fp/softfp\libg.a(libc_a-lock.o)
 .debug_abbrev  0x000066a7       0x28 D:/msys64/mingw64/bin/../lib/gcc/arm-none-eabi/13.3.0/../../../../arm-none-eabi/lib/thumb/v8-m.main+fp/softfp\libg.a(libc_a-memcpy.o)
 .debug_abbrev  0x000066cf       0x78 D:/msys64/mingw64/bin/../lib/gcc/arm-none-eabi/13.3.0/../../../../arm-none-eabi/lib/thumb/v8-m.main+fp/softfp\libg.a(libc_a-strlen-stub.o)
 .debug_abbrev  0x00006747      0x189 D:/msys64/mingw64/bin/../lib/gcc/arm-none-eabi/13.3.0/../../../../arm-none-eabi/lib/thumb/v8-m.main+fp/softfp\libg.a(libc_a-__atexit.o)
 .debug_abbrev  0x000068d0      0x20c D:/msys64/mingw64/bin/../lib/gcc/arm-none-eabi/13.3.0/../../../../arm-none-eabi/lib/thumb/v8-m.main+fp/softfp\libg.a(libc_a-__call_atexit.o)

.debug_loclists
                0x00000000    0x1a94c
 .debug_loclists
                0x00000000     0x45af CMakeFiles/rpfm_ym2413_test.dir/main.c.o
 .debug_loclists
                0x000045af     0x1911 CMakeFiles/rpfm_ym2413_test.dir/pico-sdk-2.2.0/src/rp2_common/hardware_gpio/gpio.c.o
 .debug_loclists
                0x00005ec0      0x451 CMakeFiles/rpfm_ym2413_test.dir/pico-sdk-2.2.0/src/common/hardware_claim/claim.c.o
 .debug_loclists
                0x00006311      0x107 CMakeFiles/rpfm_ym2413_test.dir/pico-sdk-2.2.0/src/rp2_common/hardware_sync/sync.c.o
 .debug_loclists
                0x00006418       0xa2 CMakeFiles/rpfm_ym2413_test.dir/pico-sdk-2.2.0/src/rp2_common/hardware_sync_spin_lock/sync_spin_lock.c.o
 .debug_loclists
                0x000064ba     0x10e3 CMakeFiles/rpfm_ym2413_test.dir/pico-sdk-2.2.0/src/rp2_common/hardware_irq/irq.c.o
 .debug_loclists
                0x0000759d       0x17 CMakeFiles/rpfm_ym2413_test.dir/pico-sdk-2.2.0/src/common/pico_sync/lock_core.c.o
 .debug_loclists
                0x000075b4      0xae5 CMakeFiles/rpfm_ym2413_test.dir/pico-sdk-2.2.0/src/common/pico_sync/mutex.c.o
 .debug_loclists
                0x00008099     0x29e6 CMakeFiles/rpfm_ym2413_test.dir/pico-sdk-2.2.0/src/common/pico_time/time.c.o
 .debug_loclists
                0x0000aa7f     0x1a37 CMakeFiles/rpfm_ym2413_test.dir/pico-sdk-2.2.0/src/rp2_common/hardware_timer/timer.c.o
 .debug_loclists
                0x0000c4b6      0xc8f CMakeFiles/rpfm_ym2413_test.dir/pico-sdk-2.2.0/src/rp2_common/hardware_uart/uart.c.o
 .debug_loclists
                0x0000d145     0x20ca CMakeFiles/rpfm_ym2413_test.dir/pico-sdk-2.2.0/src/rp2_common/hardware_clocks/clocks.c.o
 .debug_loclists
                0x0000f20f      0x1b7 CMakeFiles/rpfm_ym2413_test.dir/pico-sdk-2.2.0/src/rp2_common/hardware_pll/pll.c.o
 .debug_loclists
                0x0000f3c6       0x8b CMakeFiles/rpfm_ym2413_test.dir/pico-sdk-2.2.0/src/rp2_common/hardware_ticks/ticks.c.o
 .debug_loclists
                0x0000f451      0x80b CMakeFiles/rpfm_ym2413_test.dir/pico-sdk-2.2.0/src/rp2_common/pico_bootrom/bootrom.c.o
 .debug_loclists
                0x0000fc5c       0x28 CMakeFiles/rpfm_ym2413_test.dir/pico-sdk-2.2.0/src/rp2_common/pico_bootrom/bootrom_lock.c.o
 .debug_loclists
                0x0000fc84       0x78 CMakeFiles/rpfm_ym2413_test.dir/pico-sdk-2.2.0/src/rp2_common/hardware_boot_lock/boot_lock.c.o
 .debug_loclists
                0x0000fcfc       0x48 CMakeFiles/rpfm_ym2413_test.dir/pico-sdk-2.2.0/src/rp2_common/hardware_xosc/xosc.c.o
 .debug_loclists
                0x0000fd44       0x7e CMakeFiles/rpfm_ym2413_test.dir/pico-sdk-2.2.0/src/rp2_common/pico_runtime/runtime.c.o
 .debug_loclists
                0x0000fdc2      0x129 CMakeFiles/rpfm_ym2413_test.dir/pico-sdk-2.2.0/src/rp2_common/pico_runtime_init/runtime_init.c.o
 .debug_loclists
                0x0000feeb       0x74 CMakeFiles/rpfm_ym2413_test.dir/pico-sdk-2.2.0/src/rp2_common/pico_runtime_init/runtime_init_clocks.c.o
 .debug_loclists
                0x0000ff5f     0x3eff CMakeFiles/rpfm_ym2413_test.dir/pico-sdk-2.2.0/src/rp2_common/pico_double/double_math.c.o
 .debug_loclists
                0x00013e5e     0x290d CMakeFiles/rpfm_ym2413_test.dir/pico-sdk-2.2.0/src/rp2_common/pico_printf/printf.c.o
 .debug_loclists
                0x0001676b      0x425 CMakeFiles/rpfm_ym2413_test.dir/pico-sdk-2.2.0/src/rp2_common/pico_clib_interface/newlib_interface.c.o
 .debug_loclists
                0x00016b90      0xb12 CMakeFiles/rpfm_ym2413_test.dir/pico-sdk-2.2.0/src/rp2_common/pico_stdio/stdio.c.o
 .debug_loclists
                0x000176a2      0x882 CMakeFiles/rpfm_ym2413_test.dir/pico-sdk-2.2.0/src/rp2_common/pico_stdio_uart/stdio_uart.c.o
 .debug_loclists
                0x00017f24     0x202e CMakeFiles/rpfm_ym2413_test.dir/pico-sdk-2.2.0/src/rp2_common/hardware_pio/pio.c.o
 .debug_loclists
                0x00019f52      0x7b4 D:/msys64/mingw64/bin/../lib/gcc/arm-none-eabi/13.3.0/thumb/v8-m.main+fp/softfp\libgcc.a(_udivmoddi4.o)